Archive member included to satisfy reference by file (symbol)

/usr/local/mcuxpressoide-11.2.1_4149/ide/plugins/com.nxp.mcuxpresso.tools.linux_11.2.0.202001021529/tools/bin/../lib/gcc/arm-none-eabi/9.2.1/../../../../arm-none-eabi/lib/thumb/v6-m/nofp/libcr_semihost_nf.a(_cr__main.o)
                              ./startup/startup_lpc845.o (__main)
/usr/local/mcuxpressoide-11.2.1_4149/ide/plugins/com.nxp.mcuxpresso.tools.linux_11.2.0.202001021529/tools/bin/../lib/gcc/arm-none-eabi/9.2.1/../../../../arm-none-eabi/lib/thumb/v6-m/nofp/libcr_semihost_nf.a(_cr_assert.o)
                              ./drivers/fsl_adc.o (__assertion_failed)
/usr/local/mcuxpressoide-11.2.1_4149/ide/plugins/com.nxp.mcuxpresso.tools.linux_11.2.0.202001021529/tools/bin/../lib/gcc/arm-none-eabi/9.2.1/../../../../arm-none-eabi/lib/thumb/v6-m/nofp/libcr_semihost_nf.a(__ciob.o)
                              /usr/local/mcuxpressoide-11.2.1_4149/ide/plugins/com.nxp.mcuxpresso.tools.linux_11.2.0.202001021529/tools/bin/../lib/gcc/arm-none-eabi/9.2.1/../../../../arm-none-eabi/lib/thumb/v6-m/nofp/libcr_semihost_nf.a(_cr_assert.o) (__Ciob)
/usr/local/mcuxpressoide-11.2.1_4149/ide/plugins/com.nxp.mcuxpresso.tools.linux_11.2.0.202001021529/tools/bin/../lib/gcc/arm-none-eabi/9.2.1/../../../../arm-none-eabi/lib/thumb/v6-m/nofp/libcr_semihost_nf.a(__sys_appexit.o)
                              /usr/local/mcuxpressoide-11.2.1_4149/ide/plugins/com.nxp.mcuxpresso.tools.linux_11.2.0.202001021529/tools/bin/../lib/gcc/arm-none-eabi/9.2.1/../../../../arm-none-eabi/lib/thumb/v6-m/nofp/libcr_semihost_nf.a(_cr_assert.o) (__sys_appexit)
/usr/local/mcuxpressoide-11.2.1_4149/ide/plugins/com.nxp.mcuxpresso.tools.linux_11.2.0.202001021529/tools/bin/../lib/gcc/arm-none-eabi/9.2.1/../../../../arm-none-eabi/lib/thumb/v6-m/nofp/libcr_c.a(memcpy.o)
                              ./drivers/fsl_i2c.o (memcpy)
/usr/local/mcuxpressoide-11.2.1_4149/ide/plugins/com.nxp.mcuxpresso.tools.linux_11.2.0.202001021529/tools/bin/../lib/gcc/arm-none-eabi/9.2.1/../../../../arm-none-eabi/lib/thumb/v6-m/nofp/libcr_c.a(memset.o)
                              ./drivers/fsl_adc.o (memset)
/usr/local/mcuxpressoide-11.2.1_4149/ide/plugins/com.nxp.mcuxpresso.tools.linux_11.2.0.202001021529/tools/bin/../lib/gcc/arm-none-eabi/9.2.1/../../../../arm-none-eabi/lib/thumb/v6-m/nofp/libcr_c.a(_deferredlazyseek.o)
                              /usr/local/mcuxpressoide-11.2.1_4149/ide/plugins/com.nxp.mcuxpresso.tools.linux_11.2.0.202001021529/tools/bin/../lib/gcc/arm-none-eabi/9.2.1/../../../../arm-none-eabi/lib/thumb/v6-m/nofp/libcr_semihost_nf.a(_cr_assert.o) (__flsbuf)
/usr/local/mcuxpressoide-11.2.1_4149/ide/plugins/com.nxp.mcuxpresso.tools.linux_11.2.0.202001021529/tools/bin/../lib/gcc/arm-none-eabi/9.2.1/../../../../arm-none-eabi/lib/thumb/v6-m/nofp/libcr_c.a(_fflush.o)
                              /usr/local/mcuxpressoide-11.2.1_4149/ide/plugins/com.nxp.mcuxpresso.tools.linux_11.2.0.202001021529/tools/bin/../lib/gcc/arm-none-eabi/9.2.1/../../../../arm-none-eabi/lib/thumb/v6-m/nofp/libcr_c.a(_deferredlazyseek.o) (_fflush)
/usr/local/mcuxpressoide-11.2.1_4149/ide/plugins/com.nxp.mcuxpresso.tools.linux_11.2.0.202001021529/tools/bin/../lib/gcc/arm-none-eabi/9.2.1/../../../../arm-none-eabi/lib/thumb/v6-m/nofp/libcr_c.a(_writebuf.o)
                              /usr/local/mcuxpressoide-11.2.1_4149/ide/plugins/com.nxp.mcuxpresso.tools.linux_11.2.0.202001021529/tools/bin/../lib/gcc/arm-none-eabi/9.2.1/../../../../arm-none-eabi/lib/thumb/v6-m/nofp/libcr_c.a(_deferredlazyseek.o) (_Cwritebuf)
/usr/local/mcuxpressoide-11.2.1_4149/ide/plugins/com.nxp.mcuxpresso.tools.linux_11.2.0.202001021529/tools/bin/../lib/gcc/arm-none-eabi/9.2.1/../../../../arm-none-eabi/lib/thumb/v6-m/nofp/libcr_c.a(alloc.o)
                              ./drivers/fsl_common.o (malloc)
/usr/local/mcuxpressoide-11.2.1_4149/ide/plugins/com.nxp.mcuxpresso.tools.linux_11.2.0.202001021529/tools/bin/../lib/gcc/arm-none-eabi/9.2.1/../../../../arm-none-eabi/lib/thumb/v6-m/nofp/libcr_c.a(fputs.o)
                              /usr/local/mcuxpressoide-11.2.1_4149/ide/plugins/com.nxp.mcuxpresso.tools.linux_11.2.0.202001021529/tools/bin/../lib/gcc/arm-none-eabi/9.2.1/../../../../arm-none-eabi/lib/thumb/v6-m/nofp/libcr_semihost_nf.a(_cr_assert.o) (fputs)
/usr/local/mcuxpressoide-11.2.1_4149/ide/plugins/com.nxp.mcuxpresso.tools.linux_11.2.0.202001021529/tools/bin/../lib/gcc/arm-none-eabi/9.2.1/../../../../arm-none-eabi/lib/thumb/v6-m/nofp/libcr_c.a(fseek.o)
                              /usr/local/mcuxpressoide-11.2.1_4149/ide/plugins/com.nxp.mcuxpresso.tools.linux_11.2.0.202001021529/tools/bin/../lib/gcc/arm-none-eabi/9.2.1/../../../../arm-none-eabi/lib/thumb/v6-m/nofp/libcr_c.a(_deferredlazyseek.o) (fseek)
/usr/local/mcuxpressoide-11.2.1_4149/ide/plugins/com.nxp.mcuxpresso.tools.linux_11.2.0.202001021529/tools/bin/../lib/gcc/arm-none-eabi/9.2.1/../../../../arm-none-eabi/lib/thumb/v6-m/nofp/libcr_c.a(ftell.o)
[...]
Memory Configuration

Name             Origin             Length             Attributes
PROGRAM_FLASH    0x0000000000000000 0x0000000000010000 xr
SRAM             0x0000000010000000 0x0000000000003fe0 xrw
IAP_SRAM         0x0000000010003fe0 0x0000000000000020 xrw
*default*        0x0000000000000000 0xffffffffffffffff

Linker script and memory map

LOAD ./utilities/fsl_debug_console.o
LOAD ./startup/startup_lpc845.o
LOAD ./source/LPC845_Project.o
LOAD ./source/mtb.o
LOAD ./source/semihost_hardfault.o
LOAD ./drivers/fsl_adc.o
LOAD ./drivers/fsl_clock.o
LOAD ./drivers/fsl_common.o
LOAD ./drivers/fsl_dma.o
LOAD ./drivers/fsl_gpio.o
LOAD ./drivers/fsl_i2c.o
LOAD ./drivers/fsl_pint.o
LOAD ./drivers/fsl_power.o
LOAD ./drivers/fsl_reset.o
LOAD ./drivers/fsl_swm.o
LOAD ./drivers/fsl_usart.o
LOAD ./drivers/fsl_wkt.o
LOAD ./drivers/fsl_wwdt.o
LOAD ./device/system_LPC845.o
LOAD ./component/uart/miniusart_adapter.o
LOAD ./board/board.o
LOAD ./board/clock_config.o
LOAD ./board/peripherals.o
LOAD ./board/pin_mux.o
START GROUP
LOAD /usr/local/mcuxpressoide-11.2.1_4149/ide/plugins/com.nxp.mcuxpresso.tools.linux_11.2.0.202001021529/tools/bin/../lib/gcc/arm-none-eabi/9.2.1/../../../../arm-none-eabi/lib/thumb/v6-m/nofp/libcr_semihost_nf.a
LOAD /usr/local/mcuxpressoide-11.2.1_4149/ide/plugins/com.nxp.mcuxpresso.tools.linux_11.2.0.202001021529/tools/bin/../lib/gcc/arm-none-eabi/9.2.1/../../../../arm-none-eabi/lib/thumb/v6-m/nofp/libcr_c.a
LOAD /usr/local/mcuxpressoide-11.2.1_4149/ide/plugins/com.nxp.mcuxpresso.tools.linux_11.2.0.202001021529/tools/bin/../lib/gcc/arm-none-eabi/9.2.1/thumb/v6-m/nofp/libcr_eabihelpers.a
LOAD /usr/local/mcuxpressoide-11.2.1_4149/ide/plugins/com.nxp.mcuxpresso.tools.linux_11.2.0.202001021529/tools/bin/../lib/gcc/arm-none-eabi/9.2.1/thumb/v6-m/nofp/libgcc.a
END GROUP
                0x0000000000000000                __base_PROGRAM_FLASH = 0x0
                0x0000000000000000                __base_Flash = 0x0
                0x0000000000010000                __top_PROGRAM_FLASH = 0x10000
                0x0000000000010000                __top_Flash = 0x10000
                0x0000000010000000                __base_SRAM = 0x10000000
                0x0000000010000000                __base_RAM = 0x10000000
                0x0000000010003fe0                __top_SRAM = 0x10003fe0
                0x0000000010003fe0                __top_RAM = 0x10003fe0
                0x0000000010003fe0                __base_IAP_SRAM = 0x10003fe0
                0x0000000010003fe0                __base_RAM2 = 0x10003fe0
                0x0000000010004000                __top_IAP_SRAM = 0x10004000
                0x0000000010004000                __top_RAM2 = 0x10004000

.text           0x0000000000000000     0x30a0
 FILL mask 0xff
                0x0000000000000000                __vectors_start__ = ABSOLUTE (.)
 *(SORT_BY_ALIGNMENT(.isr_vector))
 .isr_vector    0x0000000000000000       0xc0 ./startup/startup_lpc845.o
                0x0000000000000000                __Vectors
                0x0000000000000000                g_pfnVectors
                0x00000000000000c0                . = ALIGN (0x4)
                0x00000000000000c0                __section_table_start = .
                0x00000000000000c0                __data_section_table = .
                0x00000000000000c0        0x4 LONG 0x30a0 LOADADDR (.data)
                0x00000000000000c4        0x4 LONG 0x10000080 ADDR (.data)
                0x00000000000000c8        0x4 LONG 0x4 SIZEOF (.data)
                0x00000000000000cc        0x4 LONG 0x30a0 LOADADDR (.data_RAM2)
                0x00000000000000d0        0x4 LONG 0x10003fe0 ADDR (.data_RAM2)
                0x00000000000000d4        0x4 LONG 0x0 SIZEOF (.data_RAM2)
                0x00000000000000d8                __data_section_table_end = .
                0x00000000000000d8                __bss_section_table = .
                0x00000000000000d8        0x4 LONG 0x10000084 ADDR (.bss)
                0x00000000000000dc        0x4 LONG 0x178 SIZEOF (.bss)
                0x00000000000000e0        0x4 LONG 0x10003fe0 ADDR (.bss_RAM2)
                0x00000000000000e4        0x4 LONG 0x0 SIZEOF (.bss_RAM2)
                0x00000000000000e8                __bss_section_table_end = .
                0x00000000000000e8                __section_table_end = .
 *(SORT_BY_ALIGNMENT(.after_vectors*))
 .after_vectors.reset
                0x00000000000000e8       0x58 ./startup/startup_lpc845.o
                0x00000000000000e8                ResetISR
 .after_vectors.init_data
                0x0000000000000140       0x12 ./startup/startup_lpc845.o
                0x0000000000000140                data_init
 .after_vectors.init_bss
                0x0000000000000152       0x10 ./startup/startup_lpc845.o
                0x0000000000000152                bss_init
 .after_vectors
                0x0000000000000162      0x10c ./startup/startup_lpc845.o
                0x0000000000000162                NMI_Handler
                0x0000000000000166                SVC_Handler
                0x0000000000000168                PendSV_Handler
                0x000000000000016a                SysTick_Handler
                0x000000000000016c                ADC0_OVR_DriverIRQHandler
                0x000000000000016c                SPI1_DriverIRQHandler
                0x000000000000016c                I2C3_DriverIRQHandler
                0x000000000000016c                PIN_INT5_DAC1_DriverIRQHandler
                0x000000000000016c                IntDefaultHandler
                0x000000000000016c                WKT_DriverIRQHandler
                0x000000000000016c                DAC0_DriverIRQHandler
                0x000000000000016c                MRT0_DriverIRQHandler
                0x000000000000016c                CMP_CAPT_DriverIRQHandler
                0x000000000000016c                ADC0_THCMP_DriverIRQHandler
                0x000000000000016c                Reserved22_DriverIRQHandler
                0x000000000000016c                FLASH_DriverIRQHandler
                0x000000000000016c                ADC0_SEQB_DriverIRQHandler
                0x000000000000016c                CTIMER0_DriverIRQHandler
                0x000000000000016c                WDT_DriverIRQHandler
                0x000000000000016c                BOD_DriverIRQHandler
                0x000000000000016c                ADC0_SEQA_DriverIRQHandler
                0x000000000000016c                SPI0_DriverIRQHandler
                0x000000000000016c                SCT0_DriverIRQHandler
                0x000000000000016e                SPI0_IRQHandler
                0x0000000000000176                SPI1_IRQHandler
                0x000000000000017e                DAC0_IRQHandler
                0x0000000000000186                USART0_IRQHandler
                0x000000000000018e                USART1_IRQHandler
                0x0000000000000196                USART2_IRQHandler
                0x000000000000019e                Reserved22_IRQHandler
                0x00000000000001a6                I2C1_IRQHandler
                0x00000000000001ae                I2C0_IRQHandler
                0x00000000000001b6                SCT0_IRQHandler
                0x00000000000001be                MRT0_IRQHandler
                0x00000000000001c6                CMP_CAPT_IRQHandler
                0x00000000000001ce                WDT_IRQHandler
                0x00000000000001d6                BOD_IRQHandler
                0x00000000000001de                FLASH_IRQHandler
                0x00000000000001e6                WKT_IRQHandler
                0x00000000000001ee                ADC0_SEQA_IRQHandler
                0x00000000000001f6                ADC0_SEQB_IRQHandler
                0x00000000000001fe                ADC0_THCMP_IRQHandler
                0x0000000000000206                ADC0_OVR_IRQHandler
                0x000000000000020e                DMA0_IRQHandler
                0x0000000000000216                I2C2_IRQHandler
                0x000000000000021e                I2C3_IRQHandler
                0x0000000000000226                CTIMER0_IRQHandler
                0x000000000000022e                PIN_INT0_IRQHandler
                0x0000000000000236                PIN_INT1_IRQHandler
                0x000000000000023e                PIN_INT2_IRQHandler
                0x0000000000000246                PIN_INT3_IRQHandler
                0x000000000000024e                PIN_INT4_IRQHandler
                0x00000000000002fc                . = 0x2fc
 *fill*         0x000000000000026e       0x8e ff
                0x00000000000002fc                PROVIDE (__CRP_WORD_START__ = .)
 *(SORT_BY_ALIGNMENT(.crp))
 .crp           0x00000000000002fc        0x4 ./startup/startup_lpc845.o
                0x00000000000002fc                CRP_WORD
                0x0000000000000300                PROVIDE (__CRP_WORD_END__ = .)
                0x0000000000000001                ASSERT (! ((__CRP_WORD_START__ == __CRP_WORD_END__)), Linker CRP Enabled, but no CRP_WORD provided within application)
 *(SORT_BY_ALIGNMENT(.text*))
 .text.main     0x0000000000000300       0x34 ./source/LPC845_Project.o
                0x0000000000000300                main
 .text.HardFault_Handler
                0x0000000000000334       0x30 ./source/semihost_hardfault.o
                0x0000000000000334                HardFault_Handler
 .text.CLOCK_UpdateClkSrc
                0x0000000000000364       0x4c ./drivers/fsl_clock.o
 .text.CLOCK_SetMainClkSrc
                0x00000000000003b0       0x9c ./drivers/fsl_clock.o
                0x00000000000003b0                CLOCK_SetMainClkSrc
 .text.CLOCK_SetFroOutClkSrc
                0x000000000000044c       0x48 ./drivers/fsl_clock.o
                0x000000000000044c                CLOCK_SetFroOutClkSrc
 .text.DMA_GetInstance
                0x0000000000000494       0x48 ./drivers/fsl_dma.o
 .text.DMA_IRQHandle
                0x00000000000004dc      0x17c ./drivers/fsl_dma.o
                0x00000000000004dc                DMA_IRQHandle
 .text.DMA0_DriverIRQHandler
                0x0000000000000658       0x18 ./drivers/fsl_dma.o
                0x0000000000000658                DMA0_DriverIRQHandler
 .text.CLOCK_EnableClock
                0x0000000000000670       0x54 ./drivers/fsl_i2c.o
 .text.I2C_GetInstance
                0x00000000000006c4       0x4c ./drivers/fsl_i2c.o
                0x00000000000006c4                I2C_GetInstance
 .text.I2C_MasterInit
                0x0000000000000710       0x64 ./drivers/fsl_i2c.o
                0x0000000000000710                I2C_MasterInit
 .text.I2C_TransferCommonIRQHandler
                0x0000000000000774       0x40 ./drivers/fsl_i2c.o
 .text.I2C0_DriverIRQHandler
                0x00000000000007b4       0x20 ./drivers/fsl_i2c.o
                0x00000000000007b4                I2C0_DriverIRQHandler
 .text.I2C1_DriverIRQHandler
                0x00000000000007d4       0x20 ./drivers/fsl_i2c.o
                0x00000000000007d4                I2C1_DriverIRQHandler
 .text.I2C2_DriverIRQHandler
                0x00000000000007f4       0x20 ./drivers/fsl_i2c.o
                0x00000000000007f4                I2C2_DriverIRQHandler
 .text.CLOCK_EnableClock
                0x0000000000000814       0x54 ./drivers/fsl_pint.o
 .text.PINT_Init
                0x0000000000000868       0xa4 ./drivers/fsl_pint.o
                0x0000000000000868                PINT_Init
 .text.PINT_PinInterruptConfig
                0x000000000000090c       0xfc ./drivers/fsl_pint.o
                0x000000000000090c                PINT_PinInterruptConfig
 .text.PIN_INT0_DriverIRQHandler
                0x0000000000000a08       0x4c ./drivers/fsl_pint.o
                0x0000000000000a08                PIN_INT0_DriverIRQHandler
 .text.PIN_INT1_DriverIRQHandler
                0x0000000000000a54       0x4c ./drivers/fsl_pint.o
                0x0000000000000a54                PIN_INT1_DriverIRQHandler
 .text.PIN_INT2_DriverIRQHandler
                0x0000000000000aa0       0x4c ./drivers/fsl_pint.o
                0x0000000000000aa0                PIN_INT2_DriverIRQHandler
 .text.PIN_INT3_DriverIRQHandler
                0x0000000000000aec       0x4c ./drivers/fsl_pint.o
                0x0000000000000aec                PIN_INT3_DriverIRQHandler
 .text.PIN_INT4_DriverIRQHandler
                0x0000000000000b38       0x4c ./drivers/fsl_pint.o
                0x0000000000000b38                PIN_INT4_DriverIRQHandler
 .text.PIN_INT5_DAC1_IRQHandler
                0x0000000000000b84       0x4c ./drivers/fsl_pint.o
                0x0000000000000b84                PIN_INT5_DAC1_IRQHandler
 .text.PIN_INT6_USART3_IRQHandler
                0x0000000000000bd0       0x4c ./drivers/fsl_pint.o
                0x0000000000000bd0                PIN_INT6_USART3_IRQHandler
 .text.PIN_INT7_USART4_IRQHandler
                0x0000000000000c1c       0x4c ./drivers/fsl_pint.o
                0x0000000000000c1c                PIN_INT7_USART4_IRQHandler
 .text.RESET_SetPeripheralReset
                0x0000000000000c68       0x70 ./drivers/fsl_reset.o
 .text.RESET_ClearPeripheralReset
                0x0000000000000cd8       0x6c ./drivers/fsl_reset.o
 .text.SWM_SetMovablePinSelect
                0x0000000000000d44       0x98 ./drivers/fsl_swm.o
                0x0000000000000d44                SWM_SetMovablePinSelect
 .text.SWM_SetFixedPinSelect
                0x0000000000000ddc       0xbc ./drivers/fsl_swm.o
                0x0000000000000ddc                SWM_SetFixedPinSelect
 .text.USART0_DriverIRQHandler
                0x0000000000000e98       0x24 ./drivers/fsl_usart.o
                0x0000000000000e98                USART0_DriverIRQHandler
 .text.USART1_DriverIRQHandler
                0x0000000000000ebc       0x24 ./drivers/fsl_usart.o
                0x0000000000000ebc                USART1_DriverIRQHandler
 .text.USART2_DriverIRQHandler
                0x0000000000000ee0       0x24 ./drivers/fsl_usart.o
                0x0000000000000ee0                USART2_DriverIRQHandler
 .text.PIN_INT6_USART3_DriverIRQHandler
                0x0000000000000f04       0x24 ./drivers/fsl_usart.o
                0x0000000000000f04                PIN_INT6_USART3_DriverIRQHandler
 .text.PIN_INT7_USART4_DriverIRQHandler
                0x0000000000000f28       0x24 ./drivers/fsl_usart.o
                0x0000000000000f28                PIN_INT7_USART4_DriverIRQHandler
 .text.SystemInit
                0x0000000000000f4c       0x2c ./device/system_LPC845.o
                0x0000000000000f4c                SystemInit
 .text.CLOCK_Select
                0x0000000000000f78       0x38 ./board/clock_config.o
 .text.CLOCK_SetCoreSysClkDiv
                0x0000000000000fb0       0x3c ./board/clock_config.o
 .text.CLOCK_SetFroOscFreq
                0x0000000000000fec       0x24 ./board/clock_config.o
 .text.POWER_DisablePD
                0x0000000000001010       0x2c ./board/clock_config.o
 .text.BOARD_BootClockFRO18M
                0x000000000000103c       0x88 ./board/clock_config.o
                0x000000000000103c                BOARD_BootClockFRO18M
 .text.I2C1_init
                0x00000000000010c4       0x24 ./board/peripherals.o
 .text.I2C2_init
                0x00000000000010e8       0x24 ./board/peripherals.o
 .text.I2C3_init
                0x000000000000110c       0x24 ./board/peripherals.o
 .text.PINT_init
                0x0000000000001130       0x28 ./board/peripherals.o
 .text.CLOCK_EnableClock
                0x0000000000001158       0x54 ./board/pin_mux.o
 .text.CLOCK_DisableClock
                0x00000000000011ac       0x58 ./board/pin_mux.o
 .text.BOARD_InitSWD_DEBUGPins
                0x0000000000001204       0x60 ./board/pin_mux.o
                0x0000000000001204                BOARD_InitSWD_DEBUGPins
 .text.BOARD_InitBUTTONsPins
                0x0000000000001264       0x80 ./board/pin_mux.o
                0x0000000000001264                BOARD_InitBUTTONsPins
 .text.BOARD_InitLEDsPins
                0x00000000000012e4       0x50 ./board/pin_mux.o
                0x00000000000012e4                BOARD_InitLEDsPins
 .text.__assertion_failed
                0x0000000000001334       0x4c /usr/local/mcuxpressoide-11.2.1_4149/ide/plugins/com.nxp.mcuxpresso.tools.linux_11.2.0.202001021529/tools/bin/../lib/gcc/arm-none-eabi/9.2.1/../../../../arm-none-eabi/lib/thumb/v6-m/nofp/libcr_semihost_nf.a(_cr_assert.o)
                0x0000000000001334                __assertion_failed
 .text.__sys_appexit
                0x0000000000001380        0xc /usr/local/mcuxpressoide-11.2.1_4149/ide/plugins/com.nxp.mcuxpresso.tools.linux_11.2.0.202001021529/tools/bin/../lib/gcc/arm-none-eabi/9.2.1/../../../../arm-none-eabi/lib/thumb/v6-m/nofp/libcr_semihost_nf.a(__sys_appexit.o)
                0x0000000000001380                __exit
                0x0000000000001380                __sys_appexit
 .text._deferredlazyseek
                0x000000000000138c       0x40 /usr/local/mcuxpressoide-11.2.1_4149/ide/plugins/com.nxp.mcuxpresso.tools.linux_11.2.0.202001021529/tools/bin/../lib/gcc/arm-none-eabi/9.2.1/../../../../arm-none-eabi/lib/thumb/v6-m/nofp/libcr_c.a(_deferredlazyseek.o)
                0x000000000000138c                _deferredlazyseek
 .text.__flsbuf
                0x00000000000013cc      0x150 /usr/local/mcuxpressoide-11.2.1_4149/ide/plugins/com.nxp.mcuxpresso.tools.linux_11.2.0.202001021529/tools/bin/../lib/gcc/arm-none-eabi/9.2.1/../../../../arm-none-eabi/lib/thumb/v6-m/nofp/libcr_c.a(_deferredlazyseek.o)
                0x00000000000013cc                __flsbuf
 .text._fflush  0x000000000000151c       0x60 /usr/local/mcuxpressoide-11.2.1_4149/ide/plugins/com.nxp.mcuxpresso.tools.linux_11.2.0.202001021529/tools/bin/../lib/gcc/arm-none-eabi/9.2.1/../../../../arm-none-eabi/lib/thumb/v6-m/nofp/libcr_c.a(_fflush.o)
                0x000000000000151c                _fflush
 .text._Cwritebuf
                0x000000000000157c       0x68 /usr/local/mcuxpressoide-11.2.1_4149/ide/plugins/com.nxp.mcuxpresso.tools.linux_11.2.0.202001021529/tools/bin/../lib/gcc/arm-none-eabi/9.2.1/../../../../arm-none-eabi/lib/thumb/v6-m/nofp/libcr_c.a(_writebuf.o)
                0x000000000000157c                _Cwritebuf
 .text.malloc   0x00000000000015e4       0xd0 /usr/local/mcuxpressoide-11.2.1_4149/ide/plugins/com.nxp.mcuxpresso.tools.linux_11.2.0.202001021529/tools/bin/../lib/gcc/arm-none-eabi/9.2.1/../../../../arm-none-eabi/lib/thumb/v6-m/nofp/libcr_c.a(alloc.o)
                0x00000000000015e4                malloc
 .text._Csys_alloc
                0x00000000000016b4       0x20 /usr/local/mcuxpressoide-11.2.1_4149/ide/plugins/com.nxp.mcuxpresso.tools.linux_11.2.0.202001021529/tools/bin/../lib/gcc/arm-none-eabi/9.2.1/../../../../arm-none-eabi/lib/thumb/v6-m/nofp/libcr_c.a(alloc.o)
                0x00000000000016b4                _Csys_alloc
 .text.fseek    0x00000000000016d4       0xf4 /usr/local/mcuxpressoide-11.2.1_4149/ide/plugins/com.nxp.mcuxpresso.tools.linux_11.2.0.202001021529/tools/bin/../lib/gcc/arm-none-eabi/9.2.1/../../../../arm-none-eabi/lib/thumb/v6-m/nofp/libcr_c.a(fseek.o)
                0x00000000000016d4                fseek
 .text.ftell    0x00000000000017c8       0x48 /usr/local/mcuxpressoide-11.2.1_4149/ide/plugins/com.nxp.mcuxpresso.tools.linux_11.2.0.202001021529/tools/bin/../lib/gcc/arm-none-eabi/9.2.1/../../../../arm-none-eabi/lib/thumb/v6-m/nofp/libcr_c.a(ftell.o)
                0x00000000000017c8                ftell
 .text._initio  0x0000000000001810       0x7c /usr/local/mcuxpressoide-11.2.1_4149/ide/plugins/com.nxp.mcuxpresso.tools.linux_11.2.0.202001021529/tools/bin/../lib/gcc/arm-none-eabi/9.2.1/../../../../arm-none-eabi/lib/thumb/v6-m/nofp/libcr_c.a(initio.o)
                0x0000000000001810                _initio
 .text.__vfprintf
                0x000000000000188c      0xd40 /usr/local/mcuxpressoide-11.2.1_4149/ide/plugins/com.nxp.mcuxpresso.tools.linux_11.2.0.202001021529/tools/bin/../lib/gcc/arm-none-eabi/9.2.1/../../../../arm-none-eabi/lib/thumb/v6-m/nofp/libcr_c.a(printf.o)
                0x000000000000188c                __vfprintf
 .text._vsnprintf
                0x00000000000025cc       0x70 /usr/local/mcuxpressoide-11.2.1_4149/ide/plugins/com.nxp.mcuxpresso.tools.linux_11.2.0.202001021529/tools/bin/../lib/gcc/arm-none-eabi/9.2.1/../../../../arm-none-eabi/lib/thumb/v6-m/nofp/libcr_c.a(printf.o)
                0x00000000000025cc                _vsnprintf
 .text._printf  0x000000000000263c       0x50 /usr/local/mcuxpressoide-11.2.1_4149/ide/plugins/com.nxp.mcuxpresso.tools.linux_11.2.0.202001021529/tools/bin/../lib/gcc/arm-none-eabi/9.2.1/../../../../arm-none-eabi/lib/thumb/v6-m/nofp/libcr_c.a(printf.o)
                0x000000000000263c                _printf
 .text.setvbuf  0x000000000000268c       0x4c /usr/local/mcuxpressoide-11.2.1_4149/ide/plugins/com.nxp.mcuxpresso.tools.linux_11.2.0.202001021529/tools/bin/../lib/gcc/arm-none-eabi/9.2.1/../../../../arm-none-eabi/lib/thumb/v6-m/nofp/libcr_c.a(setvbuf.o)
                0x000000000000268c                setvbuf
 .text.strlen   0x00000000000026d8       0x58 /usr/local/mcuxpressoide-11.2.1_4149/ide/plugins/com.nxp.mcuxpresso.tools.linux_11.2.0.202001021529/tools/bin/../lib/gcc/arm-none-eabi/9.2.1/../../../../arm-none-eabi/lib/thumb/v6-m/nofp/libcr_c.a(strlen.o)
                0x00000000000026d8                strlen
 .text._sbrk    0x0000000000002730       0x44 /usr/local/mcuxpressoide-11.2.1_4149/ide/plugins/com.nxp.mcuxpresso.tools.linux_11.2.0.202001021529/tools/bin/../lib/gcc/arm-none-eabi/9.2.1/../../../../arm-none-eabi/lib/thumb/v6-m/nofp/libcr_c.a(_cr_sbrk.o)
                0x0000000000002730                _sbrk
 .text._fdopen  0x0000000000002774       0x74 /usr/local/mcuxpressoide-11.2.1_4149/ide/plugins/com.nxp.mcuxpresso.tools.linux_11.2.0.202001021529/tools/bin/../lib/gcc/arm-none-eabi/9.2.1/../../../../arm-none-eabi/lib/thumb/v6-m/nofp/libcr_c.a(_fdopen.o)
                0x0000000000002774                _fdopen
 .text.fclose   0x00000000000027e8       0x5c /usr/local/mcuxpressoide-11.2.1_4149/ide/plugins/com.nxp.mcuxpresso.tools.linux_11.2.0.202001021529/tools/bin/../lib/gcc/arm-none-eabi/9.2.1/../../../../arm-none-eabi/lib/thumb/v6-m/nofp/libcr_c.a(fclose.o)
                0x00000000000027e8                fclose
 .text.fflush   0x0000000000002844       0x44 /usr/local/mcuxpressoide-11.2.1_4149/ide/plugins/com.nxp.mcuxpresso.tools.linux_11.2.0.202001021529/tools/bin/../lib/gcc/arm-none-eabi/9.2.1/../../../../arm-none-eabi/lib/thumb/v6-m/nofp/libcr_c.a(fflush.o)
                0x0000000000002844                fflush
 .text.__check_heap_overflow
                0x0000000000002888       0x14 /usr/local/mcuxpressoide-11.2.1_4149/ide/plugins/com.nxp.mcuxpresso.tools.linux_11.2.0.202001021529/tools/bin/../lib/gcc/arm-none-eabi/9.2.1/../../../../arm-none-eabi/lib/thumb/v6-m/nofp/libcr_c.a(_cr_check_heap.o)
                0x0000000000002888                __check_heap_overflow
 .text._do_fflush
                0x000000000000289c       0x48 /usr/local/mcuxpressoide-11.2.1_4149/ide/plugins/com.nxp.mcuxpresso.tools.linux_11.2.0.202001021529/tools/bin/../lib/gcc/arm-none-eabi/9.2.1/../../../../arm-none-eabi/lib/thumb/v6-m/nofp/libcr_c.a(_do_fflush.o)
                0x000000000000289c                _do_fflush
 .text.Wakeup_btn
                0x00000000000028e4       0x16 ./source/LPC845_Project.o
                0x00000000000028e4                Wakeup_btn
 .text.DMA_GetVirtualStartChannel
                0x00000000000028fa       0x44 ./drivers/fsl_dma.o
 .text.I2C_MasterEnable
                0x000000000000293e       0x3c ./drivers/fsl_i2c.o
 .text.I2C_MasterSetBaudRate
                0x000000000000297a       0xcc ./drivers/fsl_i2c.o
                0x000000000000297a                I2C_MasterSetBaudRate
 .text.PINT_PinInterruptClrFallFlag
                0x0000000000002a46       0x22 ./drivers/fsl_pint.o
 .text.PINT_PinInterruptClrRiseFlag
                0x0000000000002a68       0x22 ./drivers/fsl_pint.o
 .text.PINT_PatternMatchResetDetectLogic
                0x0000000000002a8a       0x30 ./drivers/fsl_pint.o
                0x0000000000002a8a                PINT_PatternMatchResetDetectLogic
 .text.PINT_PinInterruptClrStatus
                0x0000000000002aba       0x52 ./drivers/fsl_pint.o
                0x0000000000002aba                PINT_PinInterruptClrStatus
 .text.RESET_PeripheralReset
                0x0000000000002b0c       0x20 ./drivers/fsl_reset.o
                0x0000000000002b0c                RESET_PeripheralReset
 .text.SystemInitHook
                0x0000000000002b2c        0xa ./device/system_LPC845.o
                0x0000000000002b2c                SystemInitHook
 .text.BOARD_InitDebugConsole
                0x0000000000002b36        0xc ./board/board.o
                0x0000000000002b36                BOARD_InitDebugConsole
 .text.BOARD_InitBootClocks
                0x0000000000002b42        0xe ./board/clock_config.o
                0x0000000000002b42                BOARD_InitBootClocks
 .text.BOARD_InitPeripherals
                0x0000000000002b50       0x1a ./board/peripherals.o
                0x0000000000002b50                BOARD_InitPeripherals
 .text.BOARD_InitBootPeripherals
                0x0000000000002b6a        0xe ./board/peripherals.o
                0x0000000000002b6a                BOARD_InitBootPeripherals
 .text.IOCON_PinMuxSet
                0x0000000000002b78       0x26 ./board/pin_mux.o
 .text.BOARD_InitBootPins
                0x0000000000002b9e       0x1e ./board/pin_mux.o
                0x0000000000002b9e                BOARD_InitBootPins
 .text.BOARD_InitDEBUG_UARTPins
                0x0000000000002bbc       0x10 ./board/pin_mux.o
                0x0000000000002bbc                BOARD_InitDEBUG_UARTPins
 .text.User     0x0000000000002bcc       0x10 ./board/pin_mux.o
                0x0000000000002bcc                User
 .text.__main   0x0000000000002bdc        0xc /usr/local/mcuxpressoide-11.2.1_4149/ide/plugins/com.nxp.mcuxpresso.tools.linux_11.2.0.202001021529/tools/bin/../lib/gcc/arm-none-eabi/9.2.1/../../../../arm-none-eabi/lib/thumb/v6-m/nofp/libcr_semihost_nf.a(_cr__main.o)
                0x0000000000002bdc                __main
                0x0000000000002bdc                __CR_SEMIHOST
 .text.memset   0x0000000000002be8        0x8 /usr/local/mcuxpressoide-11.2.1_4149/ide/plugins/com.nxp.mcuxpresso.tools.linux_11.2.0.202001021529/tools/bin/../lib/gcc/arm-none-eabi/9.2.1/../../../../arm-none-eabi/lib/thumb/v6-m/nofp/libcr_c.a(memset.o)
                0x0000000000002be8                memset
 .text.free     0x0000000000002bf0       0x2c /usr/local/mcuxpressoide-11.2.1_4149/ide/plugins/com.nxp.mcuxpresso.tools.linux_11.2.0.202001021529/tools/bin/../lib/gcc/arm-none-eabi/9.2.1/../../../../arm-none-eabi/lib/thumb/v6-m/nofp/libcr_c.a(alloc.o)
                0x0000000000002bf0                free
 .text.fputs    0x0000000000002c1c       0x2e /usr/local/mcuxpressoide-11.2.1_4149/ide/plugins/com.nxp.mcuxpresso.tools.linux_11.2.0.202001021529/tools/bin/../lib/gcc/arm-none-eabi/9.2.1/../../../../arm-none-eabi/lib/thumb/v6-m/nofp/libcr_c.a(fputs.o)
                0x0000000000002c1c                fputs
 .text.no_fp_display
                0x0000000000002c4a        0x4 /usr/local/mcuxpressoide-11.2.1_4149/ide/plugins/com.nxp.mcuxpresso.tools.linux_11.2.0.202001021529/tools/bin/../lib/gcc/arm-none-eabi/9.2.1/../../../../arm-none-eabi/lib/thumb/v6-m/nofp/libcr_c.a(printf.o)
 .text.remove   0x0000000000002c4e       0x12 /usr/local/mcuxpressoide-11.2.1_4149/ide/plugins/com.nxp.mcuxpresso.tools.linux_11.2.0.202001021529/tools/bin/../lib/gcc/arm-none-eabi/9.2.1/../../../../arm-none-eabi/lib/thumb/v6-m/nofp/libcr_c.a(remove.o)
                0x0000000000002c4e                remove
 .text.__aeabi_division_idivmod
                0x0000000000002c60       0x78 /usr/local/mcuxpressoide-11.2.1_4149/ide/plugins/com.nxp.mcuxpresso.tools.linux_11.2.0.202001021529/tools/bin/../lib/gcc/arm-none-eabi/9.2.1/thumb/v6-m/nofp/libcr_eabihelpers.a(division_32.o)
                0x0000000000002c60                __aeabi_idiv
                0x0000000000002c60                __aeabi_idivmod
                0x0000000000002c66                __aeabi_uidiv
                0x0000000000002c66                __aeabi_uidivmod
 .text.__aeabi_division_idiv0
                0x0000000000002cd8        0x2 /usr/local/mcuxpressoide-11.2.1_4149/ide/plugins/com.nxp.mcuxpresso.tools.linux_11.2.0.202001021529/tools/bin/../lib/gcc/arm-none-eabi/9.2.1/thumb/v6-m/nofp/libcr_eabihelpers.a(division_idiv0.o)
                0x0000000000002cd8                __aeabi_idiv0
 .text.__aeabi_llong_lmul
                0x0000000000002cda       0x2e /usr/local/mcuxpressoide-11.2.1_4149/ide/plugins/com.nxp.mcuxpresso.tools.linux_11.2.0.202001021529/tools/bin/../lib/gcc/arm-none-eabi/9.2.1/thumb/v6-m/nofp/libcr_eabihelpers.a(llong.o)
                0x0000000000002cda                __aeabi_lmul
 .text.__aeabi_memset_lowlevel
                0x0000000000002d08       0x2a /usr/local/mcuxpressoide-11.2.1_4149/ide/plugins/com.nxp.mcuxpresso.tools.linux_11.2.0.202001021529/tools/bin/../lib/gcc/arm-none-eabi/9.2.1/thumb/v6-m/nofp/libcr_eabihelpers.a(memcpy.o)
                0x0000000000002d08                __aeabi_lowlevel_memset
 .text.__gnu_thumb1_case_shi
                0x0000000000002d32       0x10 /usr/local/mcuxpressoide-11.2.1_4149/ide/plugins/com.nxp.mcuxpresso.tools.linux_11.2.0.202001021529/tools/bin/../lib/gcc/arm-none-eabi/9.2.1/thumb/v6-m/nofp/libcr_eabihelpers.a(thumb1_switch_helpers.o)
                0x0000000000002d32                __gnu_thumb1_case_shi
 .text.__sys_close
                0x0000000000002d42        0xc /usr/local/mcuxpressoide-11.2.1_4149/ide/plugins/com.nxp.mcuxpresso.tools.linux_11.2.0.202001021529/tools/bin/../lib/gcc/arm-none-eabi/9.2.1/../../../../arm-none-eabi/lib/thumb/v6-m/nofp/libcr_semihost_nf.a(__sys_close.o)
                0x0000000000002d42                __sys_close
 .text.__sys_flen
                0x0000000000002d4e        0xc /usr/local/mcuxpressoide-11.2.1_4149/ide/plugins/com.nxp.mcuxpresso.tools.linux_11.2.0.202001021529/tools/bin/../lib/gcc/arm-none-eabi/9.2.1/../../../../arm-none-eabi/lib/thumb/v6-m/nofp/libcr_semihost_nf.a(__sys_flen.o)
                0x0000000000002d4e                __sys_flen
 .text.__sys_istty
                0x0000000000002d5a        0xc /usr/local/mcuxpressoide-11.2.1_4149/ide/plugins/com.nxp.mcuxpresso.tools.linux_11.2.0.202001021529/tools/bin/../lib/gcc/arm-none-eabi/9.2.1/../../../../arm-none-eabi/lib/thumb/v6-m/nofp/libcr_semihost_nf.a(__sys_istty.o)
                0x0000000000002d5a                __sys_istty
 .text.__sys_remove
                0x0000000000002d66        0xc /usr/local/mcuxpressoide-11.2.1_4149/ide/plugins/com.nxp.mcuxpresso.tools.linux_11.2.0.202001021529/tools/bin/../lib/gcc/arm-none-eabi/9.2.1/../../../../arm-none-eabi/lib/thumb/v6-m/nofp/libcr_semihost_nf.a(__sys_remove.o)
                0x0000000000002d66                __sys_remove
 .text.__sys_seek
                0x0000000000002d72        0xc /usr/local/mcuxpressoide-11.2.1_4149/ide/plugins/com.nxp.mcuxpresso.tools.linux_11.2.0.202001021529/tools/bin/../lib/gcc/arm-none-eabi/9.2.1/../../../../arm-none-eabi/lib/thumb/v6-m/nofp/libcr_semihost_nf.a(__sys_seek.o)
                0x0000000000002d72                __sys_seek
 .text.__sys_tmpnam
                0x0000000000002d7e        0xc /usr/local/mcuxpressoide-11.2.1_4149/ide/plugins/com.nxp.mcuxpresso.tools.linux_11.2.0.202001021529/tools/bin/../lib/gcc/arm-none-eabi/9.2.1/../../../../arm-none-eabi/lib/thumb/v6-m/nofp/libcr_semihost_nf.a(__sys_tmpnam.o)
                0x0000000000002d7e                __sys_tmpnam
 .text.__sys_write
                0x0000000000002d8a        0xc /usr/local/mcuxpressoide-11.2.1_4149/ide/plugins/com.nxp.mcuxpresso.tools.linux_11.2.0.202001021529/tools/bin/../lib/gcc/arm-none-eabi/9.2.1/../../../../arm-none-eabi/lib/thumb/v6-m/nofp/libcr_semihost_nf.a(__sys_write.o)
                0x0000000000002d8a                __sys_write
 *(SORT_BY_ALIGNMENT(.rodata) SORT_BY_ALIGNMENT(.rodata.*) SORT_BY_ALIGNMENT(.constdata) SORT_BY_ALIGNMENT(.constdata.*))
 *fill*         0x0000000000002d96        0x2 ff
 .rodata.main.str1.4
                0x0000000000002d98        0xd ./source/LPC845_Project.o
 *fill*         0x0000000000002da5        0x3 ff
 .rodata.CLOCK_UpdateClkSrc.str1.4
                0x0000000000002da8       0x18 ./drivers/fsl_clock.o
 .rodata.DMA_GetInstance.str1.4
                0x0000000000002dc0       0x32 ./drivers/fsl_dma.o
 *fill*         0x0000000000002df2        0x2 ff
 .rodata.s_i2cBases
                0x0000000000002df4       0x10 ./drivers/fsl_i2c.o
 .rodata.s_i2cClocks
                0x0000000000002e04        0x8 ./drivers/fsl_i2c.o
 .rodata.s_i2cResets
                0x0000000000002e0c       0x10 ./drivers/fsl_i2c.o
 .rodata.I2C_GetInstance.str1.4
                0x0000000000002e1c       0x33 ./drivers/fsl_i2c.o
 *fill*         0x0000000000002e4f        0x1 ff
 .rodata.PINT_Init.str1.4
                0x0000000000002e50       0x1e ./drivers/fsl_pint.o
 *fill*         0x0000000000002e6e        0x2 ff
 .rodata.PINT_PinInterruptConfig.str1.4
                0x0000000000002e70       0x1f ./drivers/fsl_pint.o
 *fill*         0x0000000000002e8f        0x1 ff
 .rodata.RESET_SetPeripheralReset.str1.4
                0x0000000000002e90       0x20 ./drivers/fsl_reset.o
 .rodata.RESET_ClearPeripheralReset.str1.4
                0x0000000000002eb0       0x20 ./drivers/fsl_reset.o
 .rodata.SWM_SetMovablePinSelect.str1.4
                0x0000000000002ed0       0x4e ./drivers/fsl_swm.o
 *fill*         0x0000000000002f1e        0x2 ff
 .rodata.SWM_SetFixedPinSelect.str1.4
                0x0000000000002f20       0x7f ./drivers/fsl_swm.o
 *fill*         0x0000000000002f9f        0x1 ff
 .rodata.CLOCK_SetCoreSysClkDiv.str1.4
                0x0000000000002fa0       0x6f ./board/clock_config.o
 *fill*         0x000000000000300f        0x1 ff
 .rodata.I2C1_config
                0x0000000000003010        0xc ./board/peripherals.o
                0x0000000000003010                I2C1_config
 .rodata.I2C2_config
                0x000000000000301c        0xc ./board/peripherals.o
                0x000000000000301c                I2C2_config
 .rodata.I2C3_config
                0x0000000000003028        0xc ./board/peripherals.o
                0x0000000000003028                I2C3_config
 .rodata.__num_Ciob_streams
                0x0000000000003034        0x4 /usr/local/mcuxpressoide-11.2.1_4149/ide/plugins/com.nxp.mcuxpresso.tools.linux_11.2.0.202001021529/tools/bin/../lib/gcc/arm-none-eabi/9.2.1/../../../../arm-none-eabi/lib/thumb/v6-m/nofp/libcr_semihost_nf.a(__ciob.o)
                0x0000000000003034                __num_Ciob_streams
 .rodata.__assertion_failed.str1.1
                0x0000000000003038       0x15 /usr/local/mcuxpressoide-11.2.1_4149/ide/plugins/com.nxp.mcuxpresso.tools.linux_11.2.0.202001021529/tools/bin/../lib/gcc/arm-none-eabi/9.2.1/../../../../arm-none-eabi/lib/thumb/v6-m/nofp/libcr_semihost_nf.a(_cr_assert.o)
 .rodata._Csys_alloc.str1.1
                0x000000000000304d       0x18 /usr/local/mcuxpressoide-11.2.1_4149/ide/plugins/com.nxp.mcuxpresso.tools.linux_11.2.0.202001021529/tools/bin/../lib/gcc/arm-none-eabi/9.2.1/../../../../arm-none-eabi/lib/thumb/v6-m/nofp/libcr_c.a(alloc.o)
 .rodata._initio.str1.1
                0x0000000000003065        0x4 /usr/local/mcuxpressoide-11.2.1_4149/ide/plugins/com.nxp.mcuxpresso.tools.linux_11.2.0.202001021529/tools/bin/../lib/gcc/arm-none-eabi/9.2.1/../../../../arm-none-eabi/lib/thumb/v6-m/nofp/libcr_c.a(initio.o)
 .rodata.__vfprintf.str1.1
                0x0000000000003069       0x35 /usr/local/mcuxpressoide-11.2.1_4149/ide/plugins/com.nxp.mcuxpresso.tools.linux_11.2.0.202001021529/tools/bin/../lib/gcc/arm-none-eabi/9.2.1/../../../../arm-none-eabi/lib/thumb/v6-m/nofp/libcr_c.a(printf.o)
                                         0x38 (size before relaxing)
                0x00000000000030a0                . = ALIGN (0x4)
 *fill*         0x000000000000309e        0x2 ff

.glue_7         0x00000000000030a0        0x0
 .glue_7        0x00000000000030a0        0x0 linker stubs

.glue_7t        0x00000000000030a0        0x0
 .glue_7t       0x00000000000030a0        0x0 linker stubs

.vfp11_veneer   0x00000000000030a0        0x0
 .vfp11_veneer  0x00000000000030a0        0x0 linker stubs

.v4_bx          0x00000000000030a0        0x0
 .v4_bx         0x00000000000030a0        0x0 linker stubs

.iplt           0x00000000000030a0        0x0
 .iplt          0x00000000000030a0        0x0 ./startup/startup_lpc845.o

.rel.dyn        0x00000000000030a0        0x0
 .rel.iplt      0x00000000000030a0        0x0 ./startup/startup_lpc845.o

.ARM.extab
 *(SORT_BY_ALIGNMENT(.ARM.extab*) SORT_BY_ALIGNMENT(.gnu.linkonce.armextab.*))

.ARM.exidx      0x00000000000030a0        0x0
                0x00000000000030a0                __exidx_start = .
 *(SORT_BY_ALIGNMENT(.ARM.exidx*) SORT_BY_ALIGNMENT(.gnu.linkonce.armexidx.*))
                0x00000000000030a0                __exidx_end = .
                0x00000000000030a0                _etext = .

.mtb_buffer_RAM2
 *(SORT_BY_ALIGNMENT(.mtb.$RAM2*))
 *(SORT_BY_ALIGNMENT(.mtb.$IAP_SRAM*))

.data_RAM2      0x0000000010003fe0        0x0 load address 0x00000000000030a0
 FILL mask 0xff
                [!provide]                        PROVIDE (__start_data_RAM2 = .)
                [!provide]                        PROVIDE (__start_data_IAP_SRAM = .)
 *(SORT_BY_ALIGNMENT(.ramfunc.$RAM2))
 *(SORT_BY_ALIGNMENT(.ramfunc.$IAP_SRAM))
 *(SORT_BY_ALIGNMENT(.data.$RAM2))
 *(SORT_BY_ALIGNMENT(.data.$IAP_SRAM))
 *(SORT_BY_ALIGNMENT(.data.$RAM2.*))
 *(SORT_BY_ALIGNMENT(.data.$IAP_SRAM.*))
                0x0000000010003fe0                . = ALIGN (0x4)
                [!provide]                        PROVIDE (__end_data_RAM2 = .)
                [!provide]                        PROVIDE (__end_data_IAP_SRAM = .)

.mtb_buffer_default
                0x0000000010000000       0x80
 *(SORT_BY_ALIGNMENT(.mtb*))
 .mtb.$RAM1     0x0000000010000000       0x80 ./source/mtb.o
                0x0000000010000000                __mtb_buffer__

.uninit_RESERVED
                0x0000000010000080        0x0
                0x0000000010000080                _start_uninit_RESERVED = .
 *(SORT_BY_ALIGNMENT(.bss.$RESERVED*))
                0x0000000010000080                . = ALIGN (0x4)
                0x0000000010000080                _end_uninit_RESERVED = .

.data           0x0000000010000080        0x4 load address 0x00000000000030a0
 FILL mask 0xff
                0x0000000010000080                _data = .
                [!provide]                        PROVIDE (__start_data_RAM = .)
                [!provide]                        PROVIDE (__start_data_SRAM = .)
 *(SORT_BY_ALIGNMENT(vtable))
 *(SORT_BY_ALIGNMENT(.ramfunc*))
 *(SORT_BY_ALIGNMENT(CodeQuickAccess))
 *(SORT_BY_ALIGNMENT(DataQuickAccess))
 *(SORT_BY_ALIGNMENT(RamFunction))
 *(SORT_BY_ALIGNMENT(.data*))
 .data.SystemCoreClock
                0x0000000010000080        0x4 ./device/system_LPC845.o
                0x0000000010000080                SystemCoreClock
                0x0000000010000084                . = ALIGN (0x4)
                0x0000000010000084                _edata = .
                [!provide]                        PROVIDE (__end_data_RAM = .)
                [!provide]                        PROVIDE (__end_data_SRAM = .)

.igot.plt       0x0000000010000084        0x0 load address 0x00000000000030a4
 .igot.plt      0x0000000010000084        0x0 ./startup/startup_lpc845.o

.bss_RAM2       0x0000000010003fe0        0x0
                [!provide]                        PROVIDE (__start_bss_RAM2 = .)
                [!provide]                        PROVIDE (__start_bss_IAP_SRAM = .)
 *(SORT_BY_ALIGNMENT(.bss.$RAM2))
 *(SORT_BY_ALIGNMENT(.bss.$IAP_SRAM))
 *(SORT_BY_ALIGNMENT(.bss.$RAM2.*))
 *(SORT_BY_ALIGNMENT(.bss.$IAP_SRAM.*))
                0x0000000010003fe0                . = ALIGN ((. != 0x0)?0x4:0x1)
                [!provide]                        PROVIDE (__end_bss_RAM2 = .)
                [!provide]                        PROVIDE (__end_bss_IAP_SRAM = .)

.bss            0x0000000010000084      0x178
                0x0000000010000084                _bss = .
                [!provide]                        PROVIDE (__start_bss_RAM = .)
                [!provide]                        PROVIDE (__start_bss_SRAM = .)
 *(SORT_BY_ALIGNMENT(.bss*))
 .bss.i.5995    0x0000000010000084        0x4 ./source/LPC845_Project.o
 .bss.s_DMAHandle
                0x0000000010000088       0x64 ./drivers/fsl_dma.o
 .bss.s_i2cHandle
                0x00000000100000ec       0x10 ./drivers/fsl_i2c.o
                0x00000000100000ec                s_i2cHandle
 .bss.s_i2cMasterIsr
                0x00000000100000fc        0x4 ./drivers/fsl_i2c.o
                0x00000000100000fc                s_i2cMasterIsr
 .bss.s_i2cSlaveIsr
                0x0000000010000100        0x4 ./drivers/fsl_i2c.o
 .bss.s_pintCallback
                0x0000000010000104       0x20 ./drivers/fsl_pint.o
 .bss.s_usartHandle
                0x0000000010000124       0x14 ./drivers/fsl_usart.o
 .bss.s_usartIsr
                0x0000000010000138        0x4 ./drivers/fsl_usart.o
 .bss.__Ciob    0x000000001000013c       0xb4 /usr/local/mcuxpressoide-11.2.1_4149/ide/plugins/com.nxp.mcuxpresso.tools.linux_11.2.0.202001021529/tools/bin/../lib/gcc/arm-none-eabi/9.2.1/../../../../arm-none-eabi/lib/thumb/v6-m/nofp/libcr_semihost_nf.a(__ciob.o)
                0x000000001000013c                __Ciob
 .bss.__end_of_heap
                0x00000000100001f0        0x4 /usr/local/mcuxpressoide-11.2.1_4149/ide/plugins/com.nxp.mcuxpresso.tools.linux_11.2.0.202001021529/tools/bin/../lib/gcc/arm-none-eabi/9.2.1/../../../../arm-none-eabi/lib/thumb/v6-m/nofp/libcr_c.a(__init_alloc.o)
                0x00000000100001f0                __end_of_heap
 .bss.__heaps   0x00000000100001f4        0x4 /usr/local/mcuxpressoide-11.2.1_4149/ide/plugins/com.nxp.mcuxpresso.tools.linux_11.2.0.202001021529/tools/bin/../lib/gcc/arm-none-eabi/9.2.1/../../../../arm-none-eabi/lib/thumb/v6-m/nofp/libcr_c.a(__init_alloc.o)
                0x00000000100001f4                __heaps
 .bss.errno     0x00000000100001f8        0x4 /usr/local/mcuxpressoide-11.2.1_4149/ide/plugins/com.nxp.mcuxpresso.tools.linux_11.2.0.202001021529/tools/bin/../lib/gcc/arm-none-eabi/9.2.1/../../../../arm-none-eabi/lib/thumb/v6-m/nofp/libcr_c.a(errno.o)
                0x00000000100001f8                errno
 *(SORT_BY_ALIGNMENT(COMMON))
                0x00000000100001fc                . = ALIGN (0x4)
                0x00000000100001fc                _ebss = .
                [!provide]                        PROVIDE (__end_bss_RAM = .)
                [!provide]                        PROVIDE (__end_bss_SRAM = .)
                [!provide]                        PROVIDE (end = .)

.noinit_RAM2    0x0000000010003fe0        0x0
                [!provide]                        PROVIDE (__start_noinit_RAM2 = .)
                [!provide]                        PROVIDE (__start_noinit_IAP_SRAM = .)
 *(SORT_BY_ALIGNMENT(.noinit.$RAM2))
 *(SORT_BY_ALIGNMENT(.noinit.$IAP_SRAM))
 *(SORT_BY_ALIGNMENT(.noinit.$RAM2.*))
 *(SORT_BY_ALIGNMENT(.noinit.$IAP_SRAM.*))
                0x0000000010003fe0                . = ALIGN (0x4)
                [!provide]                        PROVIDE (__end_noinit_RAM2 = .)
                [!provide]                        PROVIDE (__end_noinit_IAP_SRAM = .)

.noinit         0x00000000100001fc        0x0
                0x00000000100001fc                _noinit = .
                [!provide]                        PROVIDE (__start_noinit_RAM = .)
                [!provide]                        PROVIDE (__start_noinit_SRAM = .)
 *(SORT_BY_ALIGNMENT(.noinit*))
                0x00000000100001fc                . = ALIGN (0x4)
                0x00000000100001fc                _end_noinit = .
                [!provide]                        PROVIDE (__end_noinit_RAM = .)
                [!provide]                        PROVIDE (__end_noinit_SRAM = .)
                0x00000000000003f8                _HeapSize = 0x3f8

.heap           0x00000000100001fc      0x3f8
                0x00000000100001fc                _pvHeapStart = .
                0x00000000100005f4                . = (. + _HeapSize)
 *fill*         0x00000000100001fc      0x3f8 
                0x00000000100005f4                . = ALIGN (0x4)
                0x00000000100005f4                _pvHeapLimit = .
                0x00000000000003f8                _StackSize = 0x3f8

.heap2stackfill
                0x00000000100005f4      0x3f8
                0x00000000100009ec                . = (. + _StackSize)
 *fill*         0x00000000100005f4      0x3f8 

.stack          0x0000000010003be8        0x0
                0x0000000010003be8                _vStackBase = .
                0x0000000010003be8                . = ALIGN (0x4)
                0x0000000010003fe0                _vStackTop = (. + _StackSize)
                0xffffffffefffba9f                PROVIDE (__valid_user_code_checksum = (0x0 - (((_vStackTop + (ResetISR + 0x1)) + (DEFINED (NMI_Handler)?NMI_Handler:M0_NMI_Handler + 0x1)) + (DEFINED (HardFault_Handler)?HardFault_Handler:M0_HardFault_Handler + 0x1))))
                0x0000000000000000                _image_start = LOADADDR (.text)
                0x00000000000030a4                _image_end = (LOADADDR (.data) + SIZEOF (.data))
                0x00000000000030a4                _image_size = (_image_end - _image_start)
OUTPUT(LPC845_Project.axf elf32-littlearm)

.debug_info     0x0000000000000000     0xd910
 .debug_info    0x0000000000000000      0x49a ./startup/startup_lpc845.o
 .debug_info    0x000000000000049a      0x5f4 ./source/LPC845_Project.o
 .debug_info    0x0000000000000a8e       0x53 ./source/mtb.o
 .debug_info    0x0000000000000ae1       0x3c ./source/semihost_hardfault.o
 .debug_info    0x0000000000000b1d     0x11a0 ./drivers/fsl_clock.o
 .debug_info    0x0000000000001cbd     0x1f1a ./drivers/fsl_dma.o
 .debug_info    0x0000000000003bd7     0x25d3 ./drivers/fsl_i2c.o
 .debug_info    0x00000000000061aa     0x16ce ./drivers/fsl_pint.o
 .debug_info    0x0000000000007878      0x780 ./drivers/fsl_reset.o
 .debug_info    0x0000000000007ff8      0x778 ./drivers/fsl_swm.o
 .debug_info    0x0000000000008770     0x1b47 ./drivers/fsl_usart.o
 .debug_info    0x000000000000a2b7      0x6e8 ./device/system_LPC845.o
 .debug_info    0x000000000000a99f      0x9c8 ./board/board.o
 .debug_info    0x000000000000b367      0xa7e ./board/clock_config.o
 .debug_info    0x000000000000bde5      0xd3c ./board/peripherals.o
 .debug_info    0x000000000000cb21      0xdef ./board/pin_mux.o

.debug_abbrev   0x0000000000000000     0x1fb3
 .debug_abbrev  0x0000000000000000      0x1af ./startup/startup_lpc845.o
 .debug_abbrev  0x00000000000001af      0x191 ./source/LPC845_Project.o
 .debug_abbrev  0x0000000000000340       0x46 ./source/mtb.o
 .debug_abbrev  0x0000000000000386       0x31 ./source/semihost_hardfault.o
 .debug_abbrev  0x00000000000003b7      0x2ec ./drivers/fsl_clock.o
 .debug_abbrev  0x00000000000006a3      0x360 ./drivers/fsl_dma.o
 .debug_abbrev  0x0000000000000a03      0x3bb ./drivers/fsl_i2c.o
 .debug_abbrev  0x0000000000000dbe      0x2d0 ./drivers/fsl_pint.o
 .debug_abbrev  0x000000000000108e      0x197 ./drivers/fsl_reset.o
 .debug_abbrev  0x0000000000001225      0x1a0 ./drivers/fsl_swm.o
 .debug_abbrev  0x00000000000013c5      0x321 ./drivers/fsl_usart.o
 .debug_abbrev  0x00000000000016e6      0x156 ./device/system_LPC845.o
 .debug_abbrev  0x000000000000183c      0x182 ./board/board.o
 .debug_abbrev  0x00000000000019be      0x225 ./board/clock_config.o
 .debug_abbrev  0x0000000000001be3      0x1a1 ./board/peripherals.o
 .debug_abbrev  0x0000000000001d84      0x22f ./board/pin_mux.o

.debug_aranges  0x0000000000000000      0x990
 .debug_aranges
                0x0000000000000000      0x160 ./startup/startup_lpc845.o
 .debug_aranges
                0x0000000000000160       0x28 ./source/LPC845_Project.o
 .debug_aranges
                0x0000000000000188       0x18 ./source/mtb.o
 .debug_aranges
                0x00000000000001a0       0x20 ./source/semihost_hardfault.o
 .debug_aranges
                0x00000000000001c0      0x100 ./drivers/fsl_clock.o
 .debug_aranges
                0x00000000000002c0      0x130 ./drivers/fsl_dma.o
 .debug_aranges
                0x00000000000003f0      0x1c0 ./drivers/fsl_i2c.o
 .debug_aranges
                0x00000000000005b0      0x108 ./drivers/fsl_pint.o
 .debug_aranges
                0x00000000000006b8       0x30 ./drivers/fsl_reset.o
 .debug_aranges
                0x00000000000006e8       0x28 ./drivers/fsl_swm.o
 .debug_aranges
                0x0000000000000710      0x128 ./drivers/fsl_usart.o
 .debug_aranges
                0x0000000000000838       0x30 ./device/system_LPC845.o
 .debug_aranges
                0x0000000000000868       0x20 ./board/board.o
 .debug_aranges
                0x0000000000000888       0x60 ./board/clock_config.o
 .debug_aranges
                0x00000000000008e8       0x48 ./board/peripherals.o
 .debug_aranges
                0x0000000000000930       0x60 ./board/pin_mux.o

.debug_ranges   0x0000000000000000      0x8d0
 .debug_ranges  0x0000000000000000      0x150 ./startup/startup_lpc845.o
 .debug_ranges  0x0000000000000150       0x18 ./source/LPC845_Project.o
 .debug_ranges  0x0000000000000168       0x10 ./source/semihost_hardfault.o
 .debug_ranges  0x0000000000000178       0xf0 ./drivers/fsl_clock.o
 .debug_ranges  0x0000000000000268      0x120 ./drivers/fsl_dma.o
 .debug_ranges  0x0000000000000388      0x1f8 ./drivers/fsl_i2c.o
 .debug_ranges  0x0000000000000580       0xf8 ./drivers/fsl_pint.o
 .debug_ranges  0x0000000000000678       0x20 ./drivers/fsl_reset.o
 .debug_ranges  0x0000000000000698       0x18 ./drivers/fsl_swm.o
 .debug_ranges  0x00000000000006b0      0x118 ./drivers/fsl_usart.o
 .debug_ranges  0x00000000000007c8       0x20 ./device/system_LPC845.o
 .debug_ranges  0x00000000000007e8       0x10 ./board/board.o
 .debug_ranges  0x00000000000007f8       0x50 ./board/clock_config.o
 .debug_ranges  0x0000000000000848       0x38 ./board/peripherals.o
 .debug_ranges  0x0000000000000880       0x50 ./board/pin_mux.o

.debug_macro    0x0000000000000000     0x160a
 .debug_macro   0x0000000000000000       0x32 ./startup/startup_lpc845.o
 .debug_macro   0x0000000000000032       0x34 ./startup/startup_lpc845.o
 .debug_macro   0x0000000000000066      0x195 ./source/LPC845_Project.o
 .debug_macro   0x00000000000001fb       0xd8 ./source/LPC845_Project.o
 .debug_macro   0x00000000000002d3       0x22 ./source/LPC845_Project.o
 .debug_macro   0x00000000000002f5       0x28 ./source/LPC845_Project.o
 .debug_macro   0x000000000000031d       0x10 ./source/LPC845_Project.o
 .debug_macro   0x000000000000032d       0xf4 ./source/LPC845_Project.o
 .debug_macro   0x0000000000000421       0x4c ./source/LPC845_Project.o
 .debug_macro   0x000000000000046d       0x76 ./source/LPC845_Project.o
 .debug_macro   0x00000000000004e3       0x34 ./source/LPC845_Project.o
 .debug_macro   0x0000000000000517       0x88 ./source/LPC845_Project.o
 .debug_macro   0x000000000000059f       0x46 ./source/LPC845_Project.o
 .debug_macro   0x00000000000005e5       0x2f ./source/mtb.o
 .debug_macro   0x0000000000000614       0x82 ./source/mtb.o
 .debug_macro   0x0000000000000696       0x10 ./source/mtb.o
 .debug_macro   0x00000000000006a6       0x11 ./source/semihost_hardfault.o
 .debug_macro   0x00000000000006b7      0x130 ./drivers/fsl_clock.o
 .debug_macro   0x00000000000007e7      0x11b ./drivers/fsl_dma.o
 .debug_macro   0x0000000000000902       0x70 ./drivers/fsl_dma.o
 .debug_macro   0x0000000000000972      0x12e ./drivers/fsl_i2c.o
 .debug_macro   0x0000000000000aa0       0x16 ./drivers/fsl_i2c.o
 .debug_macro   0x0000000000000ab6       0x1c ./drivers/fsl_i2c.o
 .debug_macro   0x0000000000000ad2      0x11b ./drivers/fsl_pint.o
 .debug_macro   0x0000000000000bed       0x70 ./drivers/fsl_pint.o
 .debug_macro   0x0000000000000c5d      0x10c ./drivers/fsl_reset.o
 .debug_macro   0x0000000000000d69      0x126 ./drivers/fsl_swm.o
 .debug_macro   0x0000000000000e8f      0x11b ./drivers/fsl_usart.o
 .debug_macro   0x0000000000000faa       0x1c ./drivers/fsl_usart.o
 .debug_macro   0x0000000000000fc6       0x97 ./device/system_LPC845.o
 .debug_macro   0x000000000000105d      0x14e ./board/board.o
 .debug_macro   0x00000000000011ab       0x2e ./board/board.o
 .debug_macro   0x00000000000011d9       0x1c ./board/board.o
 .debug_macro   0x00000000000011f5      0x12c ./board/clock_config.o
 .debug_macro   0x0000000000001321      0x141 ./board/peripherals.o
 .debug_macro   0x0000000000001462      0x132 ./board/pin_mux.o
 .debug_macro   0x0000000000001594       0x76 ./board/pin_mux.o

.debug_line     0x0000000000000000     0x6784
 .debug_line    0x0000000000000000      0x26d ./startup/startup_lpc845.o
 .debug_line    0x000000000000026d      0x4ce ./source/LPC845_Project.o
 .debug_line    0x000000000000073b       0xd5 ./source/mtb.o
 .debug_line    0x0000000000000810       0x59 ./source/semihost_hardfault.o
 .debug_line    0x0000000000000869      0xa13 ./drivers/fsl_clock.o
 .debug_line    0x000000000000127c      0xdf1 ./drivers/fsl_dma.o
 .debug_line    0x000000000000206d     0x12b5 ./drivers/fsl_i2c.o
 .debug_line    0x0000000000003322      0xaa1 ./drivers/fsl_pint.o
 .debug_line    0x0000000000003dc3      0x387 ./drivers/fsl_reset.o
 .debug_line    0x000000000000414a      0x3e7 ./drivers/fsl_swm.o
 .debug_line    0x0000000000004531      0xcab ./drivers/fsl_usart.o
 .debug_line    0x00000000000051dc      0x3e9 ./device/system_LPC845.o
 .debug_line    0x00000000000055c5      0x407 ./board/board.o
 .debug_line    0x00000000000059cc      0x4b9 ./board/clock_config.o
 .debug_line    0x0000000000005e85      0x420 ./board/peripherals.o
 .debug_line    0x00000000000062a5      0x4df ./board/pin_mux.o

.debug_str      0x0000000000000000    0x3eff9
 .debug_str     0x0000000000000000     0x32bd ./startup/startup_lpc845.o
                                       0x3300 (size before relaxing)
 .debug_str     0x00000000000032bd    0x34ebe ./source/LPC845_Project.o
                                      0x37d73 (size before relaxing)
 .debug_str     0x000000000003817b      0x532 ./source/mtb.o
                                       0x331e (size before relaxing)
 .debug_str     0x00000000000386ad       0x1f ./source/semihost_hardfault.o
                                       0x2e0b (size before relaxing)
 .debug_str     0x00000000000386cc     0x13e1 ./drivers/fsl_clock.o
                                      0x37688 (size before relaxing)
 .debug_str     0x0000000000039aad     0x1888 ./drivers/fsl_dma.o
                                      0x38893 (size before relaxing)
 .debug_str     0x000000000003b335      0xdc2 ./drivers/fsl_i2c.o
                                      0x38650 (size before relaxing)
 .debug_str     0x000000000003c0f7      0x750 ./drivers/fsl_pint.o
                                      0x3807a (size before relaxing)
 .debug_str     0x000000000003c847       0xae ./drivers/fsl_reset.o
                                      0x368dd (size before relaxing)
 .debug_str     0x000000000003c8f5      0xb13 ./drivers/fsl_swm.o
                                      0x36eb9 (size before relaxing)
 .debug_str     0x000000000003d408      0xcba ./drivers/fsl_usart.o
                                      0x382bb (size before relaxing)
 .debug_str     0x000000000003e0c2       0x7f ./device/system_LPC845.o
                                      0x3513d (size before relaxing)
 .debug_str     0x000000000003e141       0x33 ./board/board.o
                                      0x37d6d (size before relaxing)
 .debug_str     0x000000000003e174      0x96f ./board/clock_config.o
                                      0x37145 (size before relaxing)
 .debug_str     0x000000000003eae3       0x6f ./board/peripherals.o
                                      0x37828 (size before relaxing)
 .debug_str     0x000000000003eb52      0x4a7 ./board/pin_mux.o
                                      0x37934 (size before relaxing)

.comment        0x0000000000000000       0x79
 .comment       0x0000000000000000       0x79 ./startup/startup_lpc845.o
                                         0x7a (size before relaxing)
 .comment       0x0000000000000079       0x7a ./source/LPC845_Project.o
 .comment       0x0000000000000079       0x7a ./source/mtb.o
 .comment       0x0000000000000079       0x7a ./source/semihost_hardfault.o
 .comment       0x0000000000000079       0x7a ./drivers/fsl_clock.o
 .comment       0x0000000000000079       0x7a ./drivers/fsl_dma.o
 .comment       0x0000000000000079       0x7a ./drivers/fsl_i2c.o
 .comment       0x0000000000000079       0x7a ./drivers/fsl_pint.o
 .comment       0x0000000000000079       0x7a ./drivers/fsl_reset.o
 .comment       0x0000000000000079       0x7a ./drivers/fsl_swm.o
 .comment       0x0000000000000079       0x7a ./drivers/fsl_usart.o
 .comment       0x0000000000000079       0x7a ./device/system_LPC845.o
 .comment       0x0000000000000079       0x7a ./board/board.o
 .comment       0x0000000000000079       0x7a ./board/clock_config.o
 .comment       0x0000000000000079       0x7a ./board/peripherals.o
 .comment       0x0000000000000079       0x7a ./board/pin_mux.o
 .comment       0x0000000000000079       0x7a /usr/local/mcuxpressoide-11.2.1_4149/ide/plugins/com.nxp.mcuxpresso.tools.linux_11.2.0.202001021529/tools/bin/../lib/gcc/arm-none-eabi/9.2.1/../../../../arm-none-eabi/lib/thumb/v6-m/nofp/libcr_semihost_nf.a(_cr__main.o)
 .comment       0x0000000000000079       0x7a /usr/local/mcuxpressoide-11.2.1_4149/ide/plugins/com.nxp.mcuxpresso.tools.linux_11.2.0.202001021529/tools/bin/../lib/gcc/arm-none-eabi/9.2.1/../../../../arm-none-eabi/lib/thumb/v6-m/nofp/libcr_semihost_nf.a(_cr_assert.o)
 .comment       0x0000000000000079       0x7a /usr/local/mcuxpressoide-11.2.1_4149/ide/plugins/com.nxp.mcuxpresso.tools.linux_11.2.0.202001021529/tools/bin/../lib/gcc/arm-none-eabi/9.2.1/../../../../arm-none-eabi/lib/thumb/v6-m/nofp/libcr_semihost_nf.a(__ciob.o)
 .comment       0x0000000000000079       0x7a /usr/local/mcuxpressoide-11.2.1_4149/ide/plugins/com.nxp.mcuxpresso.tools.linux_11.2.0.202001021529/tools/bin/../lib/gcc/arm-none-eabi/9.2.1/../../../../arm-none-eabi/lib/thumb/v6-m/nofp/libcr_c.a(memset.o)
 .comment       0x0000000000000079       0x7a /usr/local/mcuxpressoide-11.2.1_4149/ide/plugins/com.nxp.mcuxpresso.tools.linux_11.2.0.202001021529/tools/bin/../lib/gcc/arm-none-eabi/9.2.1/../../../../arm-none-eabi/lib/thumb/v6-m/nofp/libcr_c.a(_deferredlazyseek.o)
 .comment       0x0000000000000079       0x7a /usr/local/mcuxpressoide-11.2.1_4149/ide/plugins/com.nxp.mcuxpresso.tools.linux_11.2.0.202001021529/tools/bin/../lib/gcc/arm-none-eabi/9.2.1/../../../../arm-none-eabi/lib/thumb/v6-m/nofp/libcr_c.a(_fflush.o)
 .comment       0x0000000000000079       0x7a /usr/local/mcuxpressoide-11.2.1_4149/ide/plugins/com.nxp.mcuxpresso.tools.linux_11.2.0.202001021529/tools/bin/../lib/gcc/arm-none-eabi/9.2.1/../../../../arm-none-eabi/lib/thumb/v6-m/nofp/libcr_c.a(_writebuf.o)
 .comment       0x0000000000000079       0x7a /usr/local/mcuxpressoide-11.2.1_4149/ide/plugins/com.nxp.mcuxpresso.tools.linux_11.2.0.202001021529/tools/bin/../lib/gcc/arm-none-eabi/9.2.1/../../../../arm-none-eabi/lib/thumb/v6-m/nofp/libcr_c.a(alloc.o)
 .comment       0x0000000000000079       0x7a /usr/local/mcuxpressoide-11.2.1_4149/ide/plugins/com.nxp.mcuxpresso.tools.linux_11.2.0.202001021529/tools/bin/../lib/gcc/arm-none-eabi/9.2.1/../../../../arm-none-eabi/lib/thumb/v6-m/nofp/libcr_c.a(fputs.o)
 .comment       0x0000000000000079       0x7a /usr/local/mcuxpressoide-11.2.1_4149/ide/plugins/com.nxp.mcuxpresso.tools.linux_11.2.0.202001021529/tools/bin/../lib/gcc/arm-none-eabi/9.2.1/../../../../arm-none-eabi/lib/thumb/v6-m/nofp/libcr_c.a(fseek.o)
 .comment       0x0000000000000079       0x7a /usr/local/mcuxpressoide-11.2.1_4149/ide/plugins/com.nxp.mcuxpresso.tools.linux_11.2.0.202001021529/tools/bin/../lib/gcc/arm-none-eabi/9.2.1/../../../../arm-none-eabi/lib/thumb/v6-m/nofp/libcr_c.a(ftell.o)
 .comment       0x0000000000000079       0x7a /usr/local/mcuxpressoide-11.2.1_4149/ide/plugins/com.nxp.mcuxpresso.tools.linux_11.2.0.202001021529/tools/bin/../lib/gcc/arm-none-eabi/9.2.1/../../../../arm-none-eabi/lib/thumb/v6-m/nofp/libcr_c.a(initio.o)
 .comment       0x0000000000000079       0x7a /usr/local/mcuxpressoide-11.2.1_4149/ide/plugins/com.nxp.mcuxpresso.tools.linux_11.2.0.202001021529/tools/bin/../lib/gcc/arm-none-eabi/9.2.1/../../../../arm-none-eabi/lib/thumb/v6-m/nofp/libcr_c.a(printf.o)
 .comment       0x0000000000000079       0x7a /usr/local/mcuxpressoide-11.2.1_4149/ide/plugins/com.nxp.mcuxpresso.tools.linux_11.2.0.202001021529/tools/bin/../lib/gcc/arm-none-eabi/9.2.1/../../../../arm-none-eabi/lib/thumb/v6-m/nofp/libcr_c.a(setvbuf.o)
 .comment       0x0000000000000079       0x7a /usr/local/mcuxpressoide-11.2.1_4149/ide/plugins/com.nxp.mcuxpresso.tools.linux_11.2.0.202001021529/tools/bin/../lib/gcc/arm-none-eabi/9.2.1/../../../../arm-none-eabi/lib/thumb/v6-m/nofp/libcr_c.a(strlen.o)
 .comment       0x0000000000000079       0x7a /usr/local/mcuxpressoide-11.2.1_4149/ide/plugins/com.nxp.mcuxpresso.tools.linux_11.2.0.202001021529/tools/bin/../lib/gcc/arm-none-eabi/9.2.1/../../../../arm-none-eabi/lib/thumb/v6-m/nofp/libcr_c.a(__init_alloc.o)
 .comment       0x0000000000000079       0x7a /usr/local/mcuxpressoide-11.2.1_4149/ide/plugins/com.nxp.mcuxpresso.tools.linux_11.2.0.202001021529/tools/bin/../lib/gcc/arm-none-eabi/9.2.1/../../../../arm-none-eabi/lib/thumb/v6-m/nofp/libcr_c.a(_cr_sbrk.o)
 .comment       0x0000000000000079       0x7a /usr/local/mcuxpressoide-11.2.1_4149/ide/plugins/com.nxp.mcuxpresso.tools.linux_11.2.0.202001021529/tools/bin/../lib/gcc/arm-none-eabi/9.2.1/../../../../arm-none-eabi/lib/thumb/v6-m/nofp/libcr_c.a(_fdopen.o)
 .comment       0x0000000000000079       0x7a /usr/local/mcuxpressoide-11.2.1_4149/ide/plugins/com.nxp.mcuxpresso.tools.linux_11.2.0.202001021529/tools/bin/../lib/gcc/arm-none-eabi/9.2.1/../../../../arm-none-eabi/lib/thumb/v6-m/nofp/libcr_c.a(errno.o)
 .comment       0x0000000000000079       0x7a /usr/local/mcuxpressoide-11.2.1_4149/ide/plugins/com.nxp.mcuxpresso.tools.linux_11.2.0.202001021529/tools/bin/../lib/gcc/arm-none-eabi/9.2.1/../../../../arm-none-eabi/lib/thumb/v6-m/nofp/libcr_c.a(fclose.o)
 .comment       0x0000000000000079       0x7a /usr/local/mcuxpressoide-11.2.1_4149/ide/plugins/com.nxp.mcuxpresso.tools.linux_11.2.0.202001021529/tools/bin/../lib/gcc/arm-none-eabi/9.2.1/../../../../arm-none-eabi/lib/thumb/v6-m/nofp/libcr_c.a(fflush.o)
 .comment       0x0000000000000079       0x7a /usr/local/mcuxpressoide-11.2.1_4149/ide/plugins/com.nxp.mcuxpresso.tools.linux_11.2.0.202001021529/tools/bin/../lib/gcc/arm-none-eabi/9.2.1/../../../../arm-none-eabi/lib/thumb/v6-m/nofp/libcr_c.a(remove.o)
 .comment       0x0000000000000079       0x7a /usr/local/mcuxpressoide-11.2.1_4149/ide/plugins/com.nxp.mcuxpresso.tools.linux_11.2.0.202001021529/tools/bin/../lib/gcc/arm-none-eabi/9.2.1/../../../../arm-none-eabi/lib/thumb/v6-m/nofp/libcr_c.a(_cr_check_heap.o)
 .comment       0x0000000000000079       0x7a /usr/local/mcuxpressoide-11.2.1_4149/ide/plugins/com.nxp.mcuxpresso.tools.linux_11.2.0.202001021529/tools/bin/../lib/gcc/arm-none-eabi/9.2.1/../../../../arm-none-eabi/lib/thumb/v6-m/nofp/libcr_c.a(_do_fflush.o)

.ARM.attributes
                0x0000000000000000       0x2a
 .ARM.attributes
                0x0000000000000000       0x2c ./startup/startup_lpc845.o
 .ARM.attributes
                0x000000000000002c       0x2c ./source/LPC845_Project.o
 .ARM.attributes
                0x0000000000000058       0x32 ./source/mtb.o
 .ARM.attributes
                0x000000000000008a       0x2c ./source/semihost_hardfault.o
 .ARM.attributes
                0x00000000000000b6       0x2c ./drivers/fsl_clock.o
 .ARM.attributes
                0x00000000000000e2       0x2c ./drivers/fsl_dma.o
 .ARM.attributes
                0x000000000000010e       0x2c ./drivers/fsl_i2c.o
 .ARM.attributes
                0x000000000000013a       0x2c ./drivers/fsl_pint.o
 .ARM.attributes
                0x0000000000000166       0x2c ./drivers/fsl_reset.o
 .ARM.attributes
                0x0000000000000192       0x2c ./drivers/fsl_swm.o
 .ARM.attributes
                0x00000000000001be       0x2c ./drivers/fsl_usart.o
 .ARM.attributes
                0x00000000000001ea       0x2c ./device/system_LPC845.o
 .ARM.attributes
                0x0000000000000216       0x2c ./board/board.o
 .ARM.attributes
                0x0000000000000242       0x2c ./board/clock_config.o
 .ARM.attributes
                0x000000000000026e       0x2c ./board/peripherals.o
 .ARM.attributes
                0x000000000000029a       0x2c ./board/pin_mux.o
 .ARM.attributes
                0x00000000000002c6       0x2c /usr/local/mcuxpressoide-11.2.1_4149/ide/plugins/com.nxp.mcuxpresso.tools.linux_11.2.0.202001021529/tools/bin/../lib/gcc/arm-none-eabi/9.2.1/../../../../arm-none-eabi/lib/thumb/v6-m/nofp/libcr_semihost_nf.a(_cr__main.o)
 .ARM.attributes
                0x00000000000002f2       0x2c /usr/local/mcuxpressoide-11.2.1_4149/ide/plugins/com.nxp.mcuxpresso.tools.linux_11.2.0.202001021529/tools/bin/../lib/gcc/arm-none-eabi/9.2.1/../../../../arm-none-eabi/lib/thumb/v6-m/nofp/libcr_semihost_nf.a(_cr_assert.o)
 .ARM.attributes
                0x000000000000031e       0x31 /usr/local/mcuxpressoide-11.2.1_4149/ide/plugins/com.nxp.mcuxpresso.tools.linux_11.2.0.202001021529/tools/bin/../lib/gcc/arm-none-eabi/9.2.1/../../../../arm-none-eabi/lib/thumb/v6-m/nofp/libcr_semihost_nf.a(__ciob.o)
 .ARM.attributes
                0x000000000000034f       0x1c /usr/local/mcuxpressoide-11.2.1_4149/ide/plugins/com.nxp.mcuxpresso.tools.linux_11.2.0.202001021529/tools/bin/../lib/gcc/arm-none-eabi/9.2.1/../../../../arm-none-eabi/lib/thumb/v6-m/nofp/libcr_semihost_nf.a(__sys_appexit.o)
 .ARM.attributes
                0x000000000000036b       0x2c /usr/local/mcuxpressoide-11.2.1_4149/ide/plugins/com.nxp.mcuxpresso.tools.linux_11.2.0.202001021529/tools/bin/../lib/gcc/arm-none-eabi/9.2.1/../../../../arm-none-eabi/lib/thumb/v6-m/nofp/libcr_c.a(memset.o)
 .ARM.attributes
                0x0000000000000397       0x2c /usr/local/mcuxpressoide-11.2.1_4149/ide/plugins/com.nxp.mcuxpresso.tools.linux_11.2.0.202001021529/tools/bin/../lib/gcc/arm-none-eabi/9.2.1/../../../../arm-none-eabi/lib/thumb/v6-m/nofp/libcr_c.a(_deferredlazyseek.o)
 .ARM.attributes
                0x00000000000003c3       0x2c /usr/local/mcuxpressoide-11.2.1_4149/ide/plugins/com.nxp.mcuxpresso.tools.linux_11.2.0.202001021529/tools/bin/../lib/gcc/arm-none-eabi/9.2.1/../../../../arm-none-eabi/lib/thumb/v6-m/nofp/libcr_c.a(_fflush.o)
 .ARM.attributes
                0x00000000000003ef       0x2c /usr/local/mcuxpressoide-11.2.1_4149/ide/plugins/com.nxp.mcuxpresso.tools.linux_11.2.0.202001021529/tools/bin/../lib/gcc/arm-none-eabi/9.2.1/../../../../arm-none-eabi/lib/thumb/v6-m/nofp/libcr_c.a(_writebuf.o)
 .ARM.attributes
                0x000000000000041b       0x2c /usr/local/mcuxpressoide-11.2.1_4149/ide/plugins/com.nxp.mcuxpresso.tools.linux_11.2.0.202001021529/tools/bin/../lib/gcc/arm-none-eabi/9.2.1/../../../../arm-none-eabi/lib/thumb/v6-m/nofp/libcr_c.a(alloc.o)
 .ARM.attributes
                0x0000000000000447       0x2c /usr/local/mcuxpressoide-11.2.1_4149/ide/plugins/com.nxp.mcuxpresso.tools.linux_11.2.0.202001021529/tools/bin/../lib/gcc/arm-none-eabi/9.2.1/../../../../arm-none-eabi/lib/thumb/v6-m/nofp/libcr_c.a(fputs.o)
 .ARM.attributes
                0x0000000000000473       0x2c /usr/local/mcuxpressoide-11.2.1_4149/ide/plugins/com.nxp.mcuxpresso.tools.linux_11.2.0.202001021529/tools/bin/../lib/gcc/arm-none-eabi/9.2.1/../../../../arm-none-eabi/lib/thumb/v6-m/nofp/libcr_c.a(fseek.o)
 .ARM.attributes
                0x000000000000049f       0x2c /usr/local/mcuxpressoide-11.2.1_4149/ide/plugins/com.nxp.mcuxpresso.tools.linux_11.2.0.202001021529/tools/bin/../lib/gcc/arm-none-eabi/9.2.1/../../../../arm-none-eabi/lib/thumb/v6-m/nofp/libcr_c.a(ftell.o)
 .ARM.attributes
                0x00000000000004cb       0x2c /usr/local/mcuxpressoide-11.2.1_4149/ide/plugins/com.nxp.mcuxpresso.tools.linux_11.2.0.202001021529/tools/bin/../lib/gcc/arm-none-eabi/9.2.1/../../../../arm-none-eabi/lib/thumb/v6-m/nofp/libcr_c.a(initio.o)
 .ARM.attributes
                0x00000000000004f7       0x2c /usr/local/mcuxpressoide-11.2.1_4149/ide/plugins/com.nxp.mcuxpresso.tools.linux_11.2.0.202001021529/tools/bin/../lib/gcc/arm-none-eabi/9.2.1/../../../../arm-none-eabi/lib/thumb/v6-m/nofp/libcr_c.a(printf.o)
 .ARM.attributes
                0x0000000000000523       0x2c /usr/local/mcuxpressoide-11.2.1_4149/ide/plugins/com.nxp.mcuxpresso.tools.linux_11.2.0.202001021529/tools/bin/../lib/gcc/arm-none-eabi/9.2.1/../../../../arm-none-eabi/lib/thumb/v6-m/nofp/libcr_c.a(setvbuf.o)
 .ARM.attributes
                0x000000000000054f       0x2c /usr/local/mcuxpressoide-11.2.1_4149/ide/plugins/com.nxp.mcuxpresso.tools.linux_11.2.0.202001021529/tools/bin/../lib/gcc/arm-none-eabi/9.2.1/../../../../arm-none-eabi/lib/thumb/v6-m/nofp/libcr_c.a(strlen.o)
 .ARM.attributes
                0x000000000000057b       0x2c /usr/local/mcuxpressoide-11.2.1_4149/ide/plugins/com.nxp.mcuxpresso.tools.linux_11.2.0.202001021529/tools/bin/../lib/gcc/arm-none-eabi/9.2.1/../../../../arm-none-eabi/lib/thumb/v6-m/nofp/libcr_c.a(__init_alloc.o)
 .ARM.attributes
                0x00000000000005a7       0x2c /usr/local/mcuxpressoide-11.2.1_4149/ide/plugins/com.nxp.mcuxpresso.tools.linux_11.2.0.202001021529/tools/bin/../lib/gcc/arm-none-eabi/9.2.1/../../../../arm-none-eabi/lib/thumb/v6-m/nofp/libcr_c.a(_cr_sbrk.o)
 .ARM.attributes
                0x00000000000005d3       0x2c /usr/local/mcuxpressoide-11.2.1_4149/ide/plugins/com.nxp.mcuxpresso.tools.linux_11.2.0.202001021529/tools/bin/../lib/gcc/arm-none-eabi/9.2.1/../../../../arm-none-eabi/lib/thumb/v6-m/nofp/libcr_c.a(_fdopen.o)
 .ARM.attributes
                0x00000000000005ff       0x31 /usr/local/mcuxpressoide-11.2.1_4149/ide/plugins/com.nxp.mcuxpresso.tools.linux_11.2.0.202001021529/tools/bin/../lib/gcc/arm-none-eabi/9.2.1/../../../../arm-none-eabi/lib/thumb/v6-m/nofp/libcr_c.a(errno.o)
 .ARM.attributes
                0x0000000000000630       0x2c /usr/local/mcuxpressoide-11.2.1_4149/ide/plugins/com.nxp.mcuxpresso.tools.linux_11.2.0.202001021529/tools/bin/../lib/gcc/arm-none-eabi/9.2.1/../../../../arm-none-eabi/lib/thumb/v6-m/nofp/libcr_c.a(fclose.o)
 .ARM.attributes
                0x000000000000065c       0x2c /usr/local/mcuxpressoide-11.2.1_4149/ide/plugins/com.nxp.mcuxpresso.tools.linux_11.2.0.202001021529/tools/bin/../lib/gcc/arm-none-eabi/9.2.1/../../../../arm-none-eabi/lib/thumb/v6-m/nofp/libcr_c.a(fflush.o)
 .ARM.attributes
                0x0000000000000688       0x2c /usr/local/mcuxpressoide-11.2.1_4149/ide/plugins/com.nxp.mcuxpresso.tools.linux_11.2.0.202001021529/tools/bin/../lib/gcc/arm-none-eabi/9.2.1/../../../../arm-none-eabi/lib/thumb/v6-m/nofp/libcr_c.a(remove.o)
 .ARM.attributes
                0x00000000000006b4       0x2c /usr/local/mcuxpressoide-11.2.1_4149/ide/plugins/com.nxp.mcuxpresso.tools.linux_11.2.0.202001021529/tools/bin/../lib/gcc/arm-none-eabi/9.2.1/../../../../arm-none-eabi/lib/thumb/v6-m/nofp/libcr_c.a(_cr_check_heap.o)
 .ARM.attributes
                0x00000000000006e0       0x2c /usr/local/mcuxpressoide-11.2.1_4149/ide/plugins/com.nxp.mcuxpresso.tools.linux_11.2.0.202001021529/tools/bin/../lib/gcc/arm-none-eabi/9.2.1/../../../../arm-none-eabi/lib/thumb/v6-m/nofp/libcr_c.a(_do_fflush.o)
 .ARM.attributes
                0x000000000000070c       0x1c /usr/local/mcuxpressoide-11.2.1_4149/ide/plugins/com.nxp.mcuxpresso.tools.linux_11.2.0.202001021529/tools/bin/../lib/gcc/arm-none-eabi/9.2.1/thumb/v6-m/nofp/libcr_eabihelpers.a(division_32.o)
 .ARM.attributes
                0x0000000000000728       0x1c /usr/local/mcuxpressoide-11.2.1_4149/ide/plugins/com.nxp.mcuxpresso.tools.linux_11.2.0.202001021529/tools/bin/../lib/gcc/arm-none-eabi/9.2.1/thumb/v6-m/nofp/libcr_eabihelpers.a(division_idiv0.o)
 .ARM.attributes
                0x0000000000000744       0x1c /usr/local/mcuxpressoide-11.2.1_4149/ide/plugins/com.nxp.mcuxpresso.tools.linux_11.2.0.202001021529/tools/bin/../lib/gcc/arm-none-eabi/9.2.1/thumb/v6-m/nofp/libcr_eabihelpers.a(llong.o)
 .ARM.attributes
                0x0000000000000760       0x1c /usr/local/mcuxpressoide-11.2.1_4149/ide/plugins/com.nxp.mcuxpresso.tools.linux_11.2.0.202001021529/tools/bin/../lib/gcc/arm-none-eabi/9.2.1/thumb/v6-m/nofp/libcr_eabihelpers.a(memcpy.o)
 .ARM.attributes
                0x000000000000077c       0x1c /usr/local/mcuxpressoide-11.2.1_4149/ide/plugins/com.nxp.mcuxpresso.tools.linux_11.2.0.202001021529/tools/bin/../lib/gcc/arm-none-eabi/9.2.1/thumb/v6-m/nofp/libcr_eabihelpers.a(thumb1_switch_helpers.o)
 .ARM.attributes
                0x0000000000000798       0x1c /usr/local/mcuxpressoide-11.2.1_4149/ide/plugins/com.nxp.mcuxpresso.tools.linux_11.2.0.202001021529/tools/bin/../lib/gcc/arm-none-eabi/9.2.1/../../../../arm-none-eabi/lib/thumb/v6-m/nofp/libcr_semihost_nf.a(__sys_close.o)
 .ARM.attributes
                0x00000000000007b4       0x1c /usr/local/mcuxpressoide-11.2.1_4149/ide/plugins/com.nxp.mcuxpresso.tools.linux_11.2.0.202001021529/tools/bin/../lib/gcc/arm-none-eabi/9.2.1/../../../../arm-none-eabi/lib/thumb/v6-m/nofp/libcr_semihost_nf.a(__sys_flen.o)
 .ARM.attributes
                0x00000000000007d0       0x1c /usr/local/mcuxpressoide-11.2.1_4149/ide/plugins/com.nxp.mcuxpresso.tools.linux_11.2.0.202001021529/tools/bin/../lib/gcc/arm-none-eabi/9.2.1/../../../../arm-none-eabi/lib/thumb/v6-m/nofp/libcr_semihost_nf.a(__sys_istty.o)
 .ARM.attributes
                0x00000000000007ec       0x1c /usr/local/mcuxpressoide-11.2.1_4149/ide/plugins/com.nxp.mcuxpresso.tools.linux_11.2.0.202001021529/tools/bin/../lib/gcc/arm-none-eabi/9.2.1/../../../../arm-none-eabi/lib/thumb/v6-m/nofp/libcr_semihost_nf.a(__sys_remove.o)
 .ARM.attributes
                0x0000000000000808       0x1c /usr/local/mcuxpressoide-11.2.1_4149/ide/plugins/com.nxp.mcuxpresso.tools.linux_11.2.0.202001021529/tools/bin/../lib/gcc/arm-none-eabi/9.2.1/../../../../arm-none-eabi/lib/thumb/v6-m/nofp/libcr_semihost_nf.a(__sys_seek.o)
 .ARM.attributes
                0x0000000000000824       0x1c /usr/local/mcuxpressoide-11.2.1_4149/ide/plugins/com.nxp.mcuxpresso.tools.linux_11.2.0.202001021529/tools/bin/../lib/gcc/arm-none-eabi/9.2.1/../../../../arm-none-eabi/lib/thumb/v6-m/nofp/libcr_semihost_nf.a(__sys_tmpnam.o)
 .ARM.attributes
                0x0000000000000840       0x1c /usr/local/mcuxpressoide-11.2.1_4149/ide/plugins/com.nxp.mcuxpresso.tools.linux_11.2.0.202001021529/tools/bin/../lib/gcc/arm-none-eabi/9.2.1/../../../../arm-none-eabi/lib/thumb/v6-m/nofp/libcr_semihost_nf.a(__sys_write.o)

.debug_frame    0x0000000000000000     0x1f34
 .debug_frame   0x0000000000000000      0x3b0 ./startup/startup_lpc845.o
 .debug_frame   0x00000000000003b0       0x4c ./source/LPC845_Project.o
 .debug_frame   0x00000000000003fc       0x20 ./source/semihost_hardfault.o
 .debug_frame   0x000000000000041c      0x3ac ./drivers/fsl_clock.o
 .debug_frame   0x00000000000007c8      0x470 ./drivers/fsl_dma.o
 .debug_frame   0x0000000000000c38      0x6a4 ./drivers/fsl_i2c.o
 .debug_frame   0x00000000000012dc      0x3d0 ./drivers/fsl_pint.o
 .debug_frame   0x00000000000016ac       0x70 ./drivers/fsl_reset.o
 .debug_frame   0x000000000000171c       0x50 ./drivers/fsl_swm.o
 .debug_frame   0x000000000000176c      0x43c ./drivers/fsl_usart.o
 .debug_frame   0x0000000000001ba8       0x68 ./device/system_LPC845.o
 .debug_frame   0x0000000000001c10       0x2c ./board/board.o
 .debug_frame   0x0000000000001c3c      0x120 ./board/clock_config.o
 .debug_frame   0x0000000000001d5c       0xb8 ./board/peripherals.o
 .debug_frame   0x0000000000001e14      0x120 ./board/pin_mux.o

Cross Reference Table

Symbol                                            File
ADC0_OVR_DriverIRQHandler                         ./startup/startup_lpc845.o
ADC0_OVR_IRQHandler                               ./startup/startup_lpc845.o
ADC0_SEQA_DriverIRQHandler                        ./startup/startup_lpc845.o
ADC0_SEQA_IRQHandler                              ./startup/startup_lpc845.o
ADC0_SEQB_DriverIRQHandler                        ./startup/startup_lpc845.o
ADC0_SEQB_IRQHandler                              ./startup/startup_lpc845.o
ADC0_THCMP_DriverIRQHandler                       ./startup/startup_lpc845.o
ADC0_THCMP_IRQHandler                             ./startup/startup_lpc845.o
ADC_Deinit                                        ./drivers/fsl_adc.o
ADC_DoSelfCalibration                             ./drivers/fsl_adc.o
ADC_GetChannelConversionResult                    ./drivers/fsl_adc.o
ADC_GetConvSeqAGlobalConversionResult             ./drivers/fsl_adc.o
ADC_GetConvSeqBGlobalConversionResult             ./drivers/fsl_adc.o
ADC_GetDefaultConfig                              ./drivers/fsl_adc.o
ADC_Init                                          ./drivers/fsl_adc.o
ADC_SetConvSeqAConfig                             ./drivers/fsl_adc.o
ADC_SetConvSeqBConfig                             ./drivers/fsl_adc.o
BOARD_BootClockFRO18M                             ./board/clock_config.o
BOARD_BootClockFRO24M                             ./board/clock_config.o
BOARD_BootClockFRO30M                             ./board/clock_config.o
BOARD_BootClockPll24M                             ./board/clock_config.o
BOARD_InitBUTTONsPins                             ./board/pin_mux.o
BOARD_InitBootClocks                              ./board/clock_config.o
                                                  ./source/LPC845_Project.o
BOARD_InitBootPeripherals                         ./board/peripherals.o
                                                  ./source/LPC845_Project.o
BOARD_InitBootPins                                ./board/pin_mux.o
                                                  ./source/LPC845_Project.o
BOARD_InitDEBUG_UARTPins                          ./board/pin_mux.o
BOARD_InitDebugConsole                            ./board/board.o
                                                  ./source/LPC845_Project.o
BOARD_InitLEDsPins                                ./board/pin_mux.o
BOARD_InitPeripherals                             ./board/peripherals.o
BOARD_InitSWD_DEBUGPins                           ./board/pin_mux.o
BOD_DriverIRQHandler                              ./startup/startup_lpc845.o
BOD_IRQHandler                                    ./startup/startup_lpc845.o
CLOCK_GetClockOutClkFreq                          ./drivers/fsl_clock.o
CLOCK_GetFRG0ClkFreq                              ./drivers/fsl_clock.o
CLOCK_GetFRG1ClkFreq                              ./drivers/fsl_clock.o
CLOCK_GetFreq                                     ./drivers/fsl_clock.o
CLOCK_GetFroFreq                                  ./drivers/fsl_clock.o
CLOCK_GetMainClkFreq                              ./drivers/fsl_clock.o
CLOCK_GetSystemPLLInClockRate                     ./drivers/fsl_clock.o
CLOCK_GetUart0ClkFreq                             ./drivers/fsl_clock.o
CLOCK_GetUart1ClkFreq                             ./drivers/fsl_clock.o
CLOCK_GetUart2ClkFreq                             ./drivers/fsl_clock.o
CLOCK_GetUart3ClkFreq                             ./drivers/fsl_clock.o
CLOCK_GetUart4ClkFreq                             ./drivers/fsl_clock.o
CLOCK_InitExtClkin                                ./drivers/fsl_clock.o
CLOCK_InitSysOsc                                  ./drivers/fsl_clock.o
CLOCK_InitSystemPll                               ./drivers/fsl_clock.o
                                                  ./board/clock_config.o
CLOCK_InitWdtOsc                                  ./drivers/fsl_clock.o
CLOCK_InitXtalin                                  ./drivers/fsl_clock.o
CLOCK_SetFRG0ClkFreq                              ./drivers/fsl_clock.o
CLOCK_SetFRG1ClkFreq                              ./drivers/fsl_clock.o
CLOCK_SetFroOutClkSrc                             ./drivers/fsl_clock.o
                                                  ./board/clock_config.o
CLOCK_SetMainClkSrc                               ./drivers/fsl_clock.o
                                                  ./board/clock_config.o
CMP_CAPT_DriverIRQHandler                         ./startup/startup_lpc845.o
CMP_CAPT_IRQHandler                               ./startup/startup_lpc845.o
CRP_WORD                                          ./startup/startup_lpc845.o
CTIMER0_DriverIRQHandler                          ./startup/startup_lpc845.o
CTIMER0_IRQHandler                                ./startup/startup_lpc845.o
DAC0_DriverIRQHandler                             ./startup/startup_lpc845.o
DAC0_IRQHandler                                   ./startup/startup_lpc845.o
DMA0_DriverIRQHandler                             ./drivers/fsl_dma.o
                                                  ./startup/startup_lpc845.o
DMA0_IRQHandler                                   ./startup/startup_lpc845.o
DMA_AbortTransfer                                 ./drivers/fsl_dma.o
DMA_ConfigureChannelTrigger                       ./drivers/fsl_dma.o
DMA_CreateDescriptor                              ./drivers/fsl_dma.o
DMA_CreateHandle                                  ./drivers/fsl_dma.o
DMA_Deinit                                        ./drivers/fsl_dma.o
DMA_GetRemainingBytes                             ./drivers/fsl_dma.o
DMA_IRQHandle                                     ./drivers/fsl_dma.o
DMA_Init                                          ./drivers/fsl_dma.o
DMA_InstallDescriptorMemory                       ./drivers/fsl_dma.o
DMA_LoadChannelDescriptor                         ./drivers/fsl_dma.o
DMA_PrepareChannelTransfer                        ./drivers/fsl_dma.o
DMA_PrepareTransfer                               ./drivers/fsl_dma.o
DMA_SetCallback                                   ./drivers/fsl_dma.o
DMA_SetChannelConfig                              ./drivers/fsl_dma.o
DMA_SetupChannelDescriptor                        ./drivers/fsl_dma.o
DMA_SetupDescriptor                               ./drivers/fsl_dma.o
DMA_StartTransfer                                 ./drivers/fsl_dma.o
DMA_SubmitChannelDescriptor                       ./drivers/fsl_dma.o
DMA_SubmitChannelTransfer                         ./drivers/fsl_dma.o
DMA_SubmitChannelTransferParameter                ./drivers/fsl_dma.o
DMA_SubmitTransfer                                ./drivers/fsl_dma.o
DbgConsole_Deinit                                 ./utilities/fsl_debug_console.o
DbgConsole_Init                                   ./utilities/fsl_debug_console.o
DisableDeepSleepIRQ                               ./drivers/fsl_power.o
EnableDeepSleepIRQ                                ./drivers/fsl_power.o
ExtClockIn                                        ./board/board.o
FLASH_DriverIRQHandler                            ./startup/startup_lpc845.o
FLASH_IRQHandler                                  ./startup/startup_lpc845.o
GPIO_PinInit                                      ./drivers/fsl_gpio.o
GPIO_PortInit                                     ./drivers/fsl_gpio.o
HAL_UartDeinit                                    ./component/uart/miniusart_adapter.o
                                                  ./utilities/fsl_debug_console.o
HAL_UartEnterLowpower                             ./component/uart/miniusart_adapter.o
HAL_UartExitLowpower                              ./component/uart/miniusart_adapter.o
HAL_UartInit                                      ./component/uart/miniusart_adapter.o
                                                  ./utilities/fsl_debug_console.o
HAL_UartReceiveBlocking                           ./component/uart/miniusart_adapter.o
                                                  ./utilities/fsl_debug_console.o
HAL_UartSendBlocking                              ./component/uart/miniusart_adapter.o
                                                  ./utilities/fsl_debug_console.o
HardFault_Handler                                 ./source/semihost_hardfault.o
                                                  ./startup/startup_lpc845.o
I2C0_DriverIRQHandler                             ./drivers/fsl_i2c.o
                                                  ./startup/startup_lpc845.o
I2C0_IRQHandler                                   ./startup/startup_lpc845.o
I2C1_DriverIRQHandler                             ./drivers/fsl_i2c.o
                                                  ./startup/startup_lpc845.o
I2C1_IRQHandler                                   ./startup/startup_lpc845.o
I2C1_config                                       ./board/peripherals.o
I2C2_DriverIRQHandler                             ./drivers/fsl_i2c.o
                                                  ./startup/startup_lpc845.o
I2C2_IRQHandler                                   ./startup/startup_lpc845.o
I2C2_config                                       ./board/peripherals.o
I2C3_DriverIRQHandler                             ./startup/startup_lpc845.o
I2C3_IRQHandler                                   ./startup/startup_lpc845.o
I2C3_config                                       ./board/peripherals.o
I2C_GetInstance                                   ./drivers/fsl_i2c.o
I2C_MasterDeinit                                  ./drivers/fsl_i2c.o
I2C_MasterGetDefaultConfig                        ./drivers/fsl_i2c.o
I2C_MasterInit                                    ./drivers/fsl_i2c.o
                                                  ./board/peripherals.o
I2C_MasterReadBlocking                            ./drivers/fsl_i2c.o
I2C_MasterSetBaudRate                             ./drivers/fsl_i2c.o
I2C_MasterStart                                   ./drivers/fsl_i2c.o
I2C_MasterStop                                    ./drivers/fsl_i2c.o
I2C_MasterTransferAbort                           ./drivers/fsl_i2c.o
I2C_MasterTransferBlocking                        ./drivers/fsl_i2c.o
I2C_MasterTransferCreateHandle                    ./drivers/fsl_i2c.o
I2C_MasterTransferGetCount                        ./drivers/fsl_i2c.o
I2C_MasterTransferHandleIRQ                       ./drivers/fsl_i2c.o
I2C_MasterTransferNonBlocking                     ./drivers/fsl_i2c.o
I2C_MasterWriteBlocking                           ./drivers/fsl_i2c.o
I2C_SlaveDeinit                                   ./drivers/fsl_i2c.o
I2C_SlaveGetDefaultConfig                         ./drivers/fsl_i2c.o
I2C_SlaveInit                                     ./drivers/fsl_i2c.o
I2C_SlaveReadBlocking                             ./drivers/fsl_i2c.o
I2C_SlaveSetAddress                               ./drivers/fsl_i2c.o
I2C_SlaveSetReceiveBuffer                         ./drivers/fsl_i2c.o
I2C_SlaveSetSendBuffer                            ./drivers/fsl_i2c.o
I2C_SlaveTransferAbort                            ./drivers/fsl_i2c.o
I2C_SlaveTransferCreateHandle                     ./drivers/fsl_i2c.o
I2C_SlaveTransferGetCount                         ./drivers/fsl_i2c.o
I2C_SlaveTransferHandleIRQ                        ./drivers/fsl_i2c.o
I2C_SlaveTransferNonBlocking                      ./drivers/fsl_i2c.o
I2C_SlaveWriteBlocking                            ./drivers/fsl_i2c.o
IntDefaultHandler                                 ./startup/startup_lpc845.o
MRT0_DriverIRQHandler                             ./startup/startup_lpc845.o
MRT0_IRQHandler                                   ./startup/startup_lpc845.o
NMI_Handler                                       ./startup/startup_lpc845.o
PINT_Deinit                                       ./drivers/fsl_pint.o
PINT_DisableCallback                              ./drivers/fsl_pint.o
PINT_DisableCallbackByIndex                       ./drivers/fsl_pint.o
PINT_EnableCallback                               ./drivers/fsl_pint.o
PINT_EnableCallbackByIndex                        ./drivers/fsl_pint.o
PINT_Init                                         ./drivers/fsl_pint.o
                                                  ./board/peripherals.o
PINT_PatternMatchConfig                           ./drivers/fsl_pint.o
PINT_PatternMatchGetConfig                        ./drivers/fsl_pint.o
PINT_PatternMatchResetDetectLogic                 ./drivers/fsl_pint.o
PINT_PinInterruptClrStatus                        ./drivers/fsl_pint.o
PINT_PinInterruptClrStatusAll                     ./drivers/fsl_pint.o
PINT_PinInterruptConfig                           ./drivers/fsl_pint.o
                                                  ./board/peripherals.o
PINT_PinInterruptGetConfig                        ./drivers/fsl_pint.o
PIN_INT0_DriverIRQHandler                         ./drivers/fsl_pint.o
                                                  ./startup/startup_lpc845.o
PIN_INT0_IRQHandler                               ./startup/startup_lpc845.o
PIN_INT1_DriverIRQHandler                         ./drivers/fsl_pint.o
                                                  ./startup/startup_lpc845.o
PIN_INT1_IRQHandler                               ./startup/startup_lpc845.o
PIN_INT2_DriverIRQHandler                         ./drivers/fsl_pint.o
                                                  ./startup/startup_lpc845.o
PIN_INT2_IRQHandler                               ./startup/startup_lpc845.o
PIN_INT3_DriverIRQHandler                         ./drivers/fsl_pint.o
                                                  ./startup/startup_lpc845.o
PIN_INT3_IRQHandler                               ./startup/startup_lpc845.o
PIN_INT4_DriverIRQHandler                         ./drivers/fsl_pint.o
                                                  ./startup/startup_lpc845.o
PIN_INT4_IRQHandler                               ./startup/startup_lpc845.o
PIN_INT5_DAC1_DriverIRQHandler                    ./startup/startup_lpc845.o
PIN_INT5_DAC1_IRQHandler                          ./drivers/fsl_pint.o
                                                  ./startup/startup_lpc845.o
PIN_INT6_USART3_DriverIRQHandler                  ./drivers/fsl_usart.o
                                                  ./startup/startup_lpc845.o
PIN_INT6_USART3_IRQHandler                        ./drivers/fsl_pint.o
                                                  ./startup/startup_lpc845.o
PIN_INT7_USART4_DriverIRQHandler                  ./drivers/fsl_usart.o
                                                  ./startup/startup_lpc845.o
PIN_INT7_USART4_IRQHandler                        ./drivers/fsl_pint.o
                                                  ./startup/startup_lpc845.o
POWER_EnterDeepPowerDownMode                      ./drivers/fsl_power.o
POWER_EnterDeepSleep                              ./drivers/fsl_power.o
POWER_EnterPowerDown                              ./drivers/fsl_power.o
POWER_EnterSleep                                  ./drivers/fsl_power.o
PendSV_Handler                                    ./startup/startup_lpc845.o
RESET_PeripheralReset                             ./drivers/fsl_reset.o
                                                  ./drivers/fsl_wkt.o
                                                  ./drivers/fsl_usart.o
                                                  ./drivers/fsl_pint.o
                                                  ./drivers/fsl_i2c.o
                                                  ./drivers/fsl_gpio.o
                                                  ./drivers/fsl_dma.o
Reserved22_DriverIRQHandler                       ./startup/startup_lpc845.o
Reserved22_IRQHandler                             ./startup/startup_lpc845.o
ResetISR                                          ./startup/startup_lpc845.o
SCT0_DriverIRQHandler                             ./startup/startup_lpc845.o
SCT0_IRQHandler                                   ./startup/startup_lpc845.o
SDK_DelayAtLeastUs                                ./drivers/fsl_common.o
                                                  ./drivers/fsl_wwdt.o
                                                  ./drivers/fsl_clock.o
                                                  ./drivers/fsl_adc.o
SDK_Free                                          ./drivers/fsl_common.o
SDK_Malloc                                        ./drivers/fsl_common.o
SPI0_DriverIRQHandler                             ./startup/startup_lpc845.o
SPI0_IRQHandler                                   ./startup/startup_lpc845.o
SPI1_DriverIRQHandler                             ./startup/startup_lpc845.o
SPI1_IRQHandler                                   ./startup/startup_lpc845.o
SVC_Handler                                       ./startup/startup_lpc845.o
SWM_SetFixedPinSelect                             ./drivers/fsl_swm.o
                                                  ./board/pin_mux.o
SWM_SetMovablePinSelect                           ./drivers/fsl_swm.o
                                                  ./board/pin_mux.o
SysTick_Handler                                   ./startup/startup_lpc845.o
SystemCoreClock                                   ./device/system_LPC845.o
                                                  ./board/clock_config.o
SystemCoreClockUpdate                             ./device/system_LPC845.o
SystemInit                                        ./device/system_LPC845.o
                                                  ./startup/startup_lpc845.o
SystemInitHook                                    ./device/system_LPC845.o
USART0_DriverIRQHandler                           ./drivers/fsl_usart.o
                                                  ./startup/startup_lpc845.o
USART0_IRQHandler                                 ./startup/startup_lpc845.o
USART1_DriverIRQHandler                           ./drivers/fsl_usart.o
                                                  ./startup/startup_lpc845.o
USART1_IRQHandler                                 ./startup/startup_lpc845.o
USART2_DriverIRQHandler                           ./drivers/fsl_usart.o
                                                  ./startup/startup_lpc845.o